Archive member included to satisfy reference by file (symbol)

C:/ST/STM32CubeIDE_1.12.1/STM32CubeIDE/plugins/com.st.stm32cube.ide.mcu.externaltools.gnu-tools-for-stm32.11.3.rel1.win32_1.1.0.202305231506/tools/bin/../lib/gcc/arm-none-eabi/11.3.1/../../../../arm-none-eabi/lib/thumb/v7e-m+fp/hard\libc_nano.a(libc_a-exit.o)
                              C:/ST/STM32CubeIDE_1.12.1/STM32CubeIDE/plugins/com.st.stm32cube.ide.mcu.externaltools.gnu-tools-for-stm32.11.3.rel1.win32_1.1.0.202305231506/tools/bin/../lib/gcc/arm-none-eabi/11.3.1/../../../../arm-none-eabi/lib/thumb/v7e-m+fp/hard/crt0.o (exit)
C:/ST/STM32CubeIDE_1.12.1/STM32CubeIDE/plugins/com.st.stm32cube.ide.mcu.externaltools.gnu-tools-for-stm32.11.3.rel1.win32_1.1.0.202305231506/tools/bin/../lib/gcc/arm-none-eabi/11.3.1/../../../../arm-none-eabi/lib/thumb/v7e-m+fp/hard\libc_nano.a(libc_a-nano-vfprintf_float.o)
                              (_printf_float)
C:/ST/STM32CubeIDE_1.12.1/STM32CubeIDE/plugins/com.st.stm32cube.ide.mcu.externaltools.gnu-tools-for-stm32.11.3.rel1.win32_1.1.0.202305231506/tools/bin/../lib/gcc/arm-none-eabi/11.3.1/../../../../arm-none-eabi/lib/thumb/v7e-m+fp/hard\libc_nano.a(libc_a-nano-vfprintf_i.o)
                              C:/ST/STM32CubeIDE_1.12.1/STM32CubeIDE/plugins/com.st.stm32cube.ide.mcu.externaltools.gnu-tools-for-stm32.11.3.rel1.win32_1.1.0.202305231506/tools/bin/../lib/gcc/arm-none-eabi/11.3.1/../../../../arm-none-eabi/lib/thumb/v7e-m+fp/hard\libc_nano.a(libc_a-nano-vfprintf_float.o) (_printf_common)
C:/ST/STM32CubeIDE_1.12.1/STM32CubeIDE/plugins/com.st.stm32cube.ide.mcu.externaltools.gnu-tools-for-stm32.11.3.rel1.win32_1.1.0.202305231506/tools/bin/../lib/gcc/arm-none-eabi/11.3.1/../../../../arm-none-eabi/lib/thumb/v7e-m+fp/hard\libc_nano.a(libc_a-findfp.o)
                              C:/ST/STM32CubeIDE_1.12.1/STM32CubeIDE/plugins/com.st.stm32cube.ide.mcu.externaltools.gnu-tools-for-stm32.11.3.rel1.win32_1.1.0.202305231506/tools/bin/../lib/gcc/arm-none-eabi/11.3.1/../../../../arm-none-eabi/lib/thumb/v7e-m+fp/hard\libc_nano.a(libc_a-exit.o) (__stdio_exit_handler)
C:/ST/STM32CubeIDE_1.12.1/STM32CubeIDE/plugins/com.st.stm32cube.ide.mcu.externaltools.gnu-tools-for-stm32.11.3.rel1.win32_1.1.0.202305231506/tools/bin/../lib/gcc/arm-none-eabi/11.3.1/../../../../arm-none-eabi/lib/thumb/v7e-m+fp/hard\libc_nano.a(libc_a-fwalk.o)
                              C:/ST/STM32CubeIDE_1.12.1/STM32CubeIDE/plugins/com.st.stm32cube.ide.mcu.externaltools.gnu-tools-for-stm32.11.3.rel1.win32_1.1.0.202305231506/tools/bin/../lib/gcc/arm-none-eabi/11.3.1/../../../../arm-none-eabi/lib/thumb/v7e-m+fp/hard\libc_nano.a(libc_a-findfp.o) (_fwalk_sglue)
C:/ST/STM32CubeIDE_1.12.1/STM32CubeIDE/plugins/com.st.stm32cube.ide.mcu.externaltools.gnu-tools-for-stm32.11.3.rel1.win32_1.1.0.202305231506/tools/bin/../lib/gcc/arm-none-eabi/11.3.1/../../../../arm-none-eabi/lib/thumb/v7e-m+fp/hard\libc_nano.a(libc_a-puts.o)
                              ./Core/Src/mySD.o (puts)
C:/ST/STM32CubeIDE_1.12.1/STM32CubeIDE/plugins/com.st.stm32cube.ide.mcu.externaltools.gnu-tools-for-stm32.11.3.rel1.win32_1.1.0.202305231506/tools/bin/../lib/gcc/arm-none-eabi/11.3.1/../../../../arm-none-eabi/lib/thumb/v7e-m+fp/hard\libc_nano.a(libc_a-snprintf.o)
                              ./Core/Src/main.o (snprintf)
C:/ST/STM32CubeIDE_1.12.1/STM32CubeIDE/plugins/com.st.stm32cube.ide.mcu.externaltools.gnu-tools-for-stm32.11.3.rel1.win32_1.1.0.202305231506/tools/bin/../lib/gcc/arm-none-eabi/11.3.1/../../../../arm-none-eabi/lib/thumb/v7e-m+fp/hard\libc_nano.a(libc_a-sprintf.o)
                              ./Core/Src/main.o (sprintf)
C:/ST/STM32CubeIDE_1.12.1/STM32CubeIDE/plugins/com.st.stm32cube.ide.mcu.externaltools.gnu-tools-for-stm32.11.3.rel1.win32_1.1.0.202305231506/tools/bin/../lib/gcc/arm-none-eabi/11.3.1/../../../../arm-none-eabi/lib/thumb/v7e-m+fp/hard\libc_nano.a(libc_a-stdio.o)
                              C:/ST/STM32CubeIDE_1.12.1/STM32CubeIDE/plugins/com.st.stm32cube.ide.mcu.externaltools.gnu-tools-for-stm32.11.3.rel1.win32_1.1.0.202305231506/tools/bin/../lib/gcc/arm-none-eabi/11.3.1/../../../../arm-none-eabi/lib/thumb/v7e-m+fp/hard\libc_nano.a(libc_a-findfp.o) (__sread)
C:/ST/STM32CubeIDE_1.12.1/STM32CubeIDE/plugins/com.st.stm32cube.ide.mcu.externaltools.gnu-tools-for-stm32.11.3.rel1.win32_1.1.0.202305231506/tools/bin/../lib/gcc/arm-none-eabi/11.3.1/../../../../arm-none-eabi/lib/thumb/v7e-m+fp/hard\libc_nano.a(libc_a-wbuf.o)
                              C:/ST/STM32CubeIDE_1.12.1/STM32CubeIDE/plugins/com.st.stm32cube.ide.mcu.externaltools.gnu-tools-for-stm32.11.3.rel1.win32_1.1.0.202305231506/tools/bin/../lib/gcc/arm-none-eabi/11.3.1/../../../../arm-none-eabi/lib/thumb/v7e-m+fp/hard\libc_nano.a(libc_a-puts.o) (__swbuf_r)
[...]
Memory Configuration

Name             Origin             Length             Attributes
CCMRAM           0x0000000010000000 0x0000000000010000 xrw
RAM              0x0000000020000000 0x0000000000020000 xrw
FLASH            0x0000000008000000 0x0000000000100000 xr
*default*        0x0000000000000000 0xffffffffffffffff

Linker script and memory map

LOAD C:/ST/STM32CubeIDE_1.12.1/STM32CubeIDE/plugins/com.st.stm32cube.ide.mcu.externaltools.gnu-tools-for-stm32.11.3.rel1.win32_1.1.0.202305231506/tools/bin/../lib/gcc/arm-none-eabi/11.3.1/thumb/v7e-m+fp/hard/crti.o
LOAD C:/ST/STM32CubeIDE_1.12.1/STM32CubeIDE/plugins/com.st.stm32cube.ide.mcu.externaltools.gnu-tools-for-stm32.11.3.rel1.win32_1.1.0.202305231506/tools/bin/../lib/gcc/arm-none-eabi/11.3.1/thumb/v7e-m+fp/hard/crtbegin.o
LOAD C:/ST/STM32CubeIDE_1.12.1/STM32CubeIDE/plugins/com.st.stm32cube.ide.mcu.externaltools.gnu-tools-for-stm32.11.3.rel1.win32_1.1.0.202305231506/tools/bin/../lib/gcc/arm-none-eabi/11.3.1/../../../../arm-none-eabi/lib/thumb/v7e-m+fp/hard/crt0.o
LOAD ./Core/Src/fsmc.o
LOAD ./Core/Src/gpio.o
LOAD ./Core/Src/i2c.o
LOAD ./Core/Src/main.o
LOAD ./Core/Src/mySD.o
LOAD ./Core/Src/sdio.o
LOAD ./Core/Src/stm32f4xx_hal_msp.o
LOAD ./Core/Src/stm32f4xx_it.o
LOAD ./Core/Src/syscalls.o
LOAD ./Core/Src/sysmem.o
LOAD ./Core/Src/system_stm32f4xx.o
LOAD ./Core/Src/tim.o
LOAD ./Core/Src/usart.o
LOAD ./Core/Startup/startup_stm32f407zgtx.o
LOAD ./Drivers/BSP/KEY_LED/keyled.o
LOAD ./Drivers/BSP/LCD/lcd.o
LOAD ./Drivers/BSP/MPU/MPU.o
LOAD ./Drivers/STM32F4xx_HAL_Driver/Src/stm32f4xx_hal.o
LOAD ./Drivers/STM32F4xx_HAL_Driver/Src/stm32f4xx_hal_cortex.o
LOAD ./Drivers/STM32F4xx_HAL_Driver/Src/stm32f4xx_hal_dma.o
LOAD ./Drivers/STM32F4xx_HAL_Driver/Src/stm32f4xx_hal_dma_ex.o
LOAD ./Drivers/STM32F4xx_HAL_Driver/Src/stm32f4xx_hal_exti.o
LOAD ./Drivers/STM32F4xx_HAL_Driver/Src/stm32f4xx_hal_flash.o
LOAD ./Drivers/STM32F4xx_HAL_Driver/Src/stm32f4xx_hal_flash_ex.o
LOAD ./Drivers/STM32F4xx_HAL_Driver/Src/stm32f4xx_hal_flash_ramfunc.o
LOAD ./Drivers/STM32F4xx_HAL_Driver/Src/stm32f4xx_hal_gpio.o
LOAD ./Drivers/STM32F4xx_HAL_Driver/Src/stm32f4xx_hal_i2c.o
LOAD ./Drivers/STM32F4xx_HAL_Driver/Src/stm32f4xx_hal_i2c_ex.o
LOAD ./Drivers/STM32F4xx_HAL_Driver/Src/stm32f4xx_hal_pwr.o
LOAD ./Drivers/STM32F4xx_HAL_Driver/Src/stm32f4xx_hal_pwr_ex.o
LOAD ./Drivers/STM32F4xx_HAL_Driver/Src/stm32f4xx_hal_rcc.o
LOAD ./Drivers/STM32F4xx_HAL_Driver/Src/stm32f4xx_hal_rcc_ex.o
LOAD ./Drivers/STM32F4xx_HAL_Driver/Src/stm32f4xx_hal_sd.o
LOAD ./Drivers/STM32F4xx_HAL_Driver/Src/stm32f4xx_hal_sram.o
LOAD ./Drivers/STM32F4xx_HAL_Driver/Src/stm32f4xx_hal_tim.o
LOAD ./Drivers/STM32F4xx_HAL_Driver/Src/stm32f4xx_hal_tim_ex.o
LOAD ./Drivers/STM32F4xx_HAL_Driver/Src/stm32f4xx_hal_usart.o
LOAD ./Drivers/STM32F4xx_HAL_Driver/Src/stm32f4xx_ll_fsmc.o
LOAD ./Drivers/STM32F4xx_HAL_Driver/Src/stm32f4xx_ll_sdmmc.o
LOAD ./FATFS/App/fatfs.o
LOAD ./FATFS/Target/bsp_driver_sd.o
LOAD ./FATFS/Target/sd_diskio.o
LOAD ./Middlewares/Third_Party/FatFs/src/diskio.o
LOAD ./Middlewares/Third_Party/FatFs/src/ff.o
LOAD ./Middlewares/Third_Party/FatFs/src/ff_gen_drv.o
LOAD ./Middlewares/Third_Party/FatFs/src/option/syscall.o
START GROUP
LOAD C:/ST/STM32CubeIDE_1.12.1/STM32CubeIDE/plugins/com.st.stm32cube.ide.mcu.externaltools.gnu-tools-for-stm32.11.3.rel1.win32_1.1.0.202305231506/tools/bin/../lib/gcc/arm-none-eabi/11.3.1/../../../../arm-none-eabi/lib/thumb/v7e-m+fp/hard\libc_nano.a
LOAD C:/ST/STM32CubeIDE_1.12.1/STM32CubeIDE/plugins/com.st.stm32cube.ide.mcu.externaltools.gnu-tools-for-stm32.11.3.rel1.win32_1.1.0.202305231506/tools/bin/../lib/gcc/arm-none-eabi/11.3.1/../../../../arm-none-eabi/lib/thumb/v7e-m+fp/hard\libm.a
END GROUP
START GROUP
LOAD C:/ST/STM32CubeIDE_1.12.1/STM32CubeIDE/plugins/com.st.stm32cube.ide.mcu.externaltools.gnu-tools-for-stm32.11.3.rel1.win32_1.1.0.202305231506/tools/bin/../lib/gcc/arm-none-eabi/11.3.1/thumb/v7e-m+fp/hard\libgcc.a
LOAD C:/ST/STM32CubeIDE_1.12.1/STM32CubeIDE/plugins/com.st.stm32cube.ide.mcu.externaltools.gnu-tools-for-stm32.11.3.rel1.win32_1.1.0.202305231506/tools/bin/../lib/gcc/arm-none-eabi/11.3.1/../../../../arm-none-eabi/lib/thumb/v7e-m+fp/hard\libc_nano.a
END GROUP
START GROUP
LOAD C:/ST/STM32CubeIDE_1.12.1/STM32CubeIDE/plugins/com.st.stm32cube.ide.mcu.externaltools.gnu-tools-for-stm32.11.3.rel1.win32_1.1.0.202305231506/tools/bin/../lib/gcc/arm-none-eabi/11.3.1/thumb/v7e-m+fp/hard\libgcc.a
LOAD C:/ST/STM32CubeIDE_1.12.1/STM32CubeIDE/plugins/com.st.stm32cube.ide.mcu.externaltools.gnu-tools-for-stm32.11.3.rel1.win32_1.1.0.202305231506/tools/bin/../lib/gcc/arm-none-eabi/11.3.1/../../../../arm-none-eabi/lib/thumb/v7e-m+fp/hard\libc_nano.a
LOAD C:/ST/STM32CubeIDE_1.12.1/STM32CubeIDE/plugins/com.st.stm32cube.ide.mcu.externaltools.gnu-tools-for-stm32.11.3.rel1.win32_1.1.0.202305231506/tools/bin/../lib/gcc/arm-none-eabi/11.3.1/../../../../arm-none-eabi/lib/thumb/v7e-m+fp/hard\libnosys.a
END GROUP
START GROUP
LOAD C:/ST/STM32CubeIDE_1.12.1/STM32CubeIDE/plugins/com.st.stm32cube.ide.mcu.externaltools.gnu-tools-for-stm32.11.3.rel1.win32_1.1.0.202305231506/tools/bin/../lib/gcc/arm-none-eabi/11.3.1/thumb/v7e-m+fp/hard\libgcc.a
LOAD C:/ST/STM32CubeIDE_1.12.1/STM32CubeIDE/plugins/com.st.stm32cube.ide.mcu.externaltools.gnu-tools-for-stm32.11.3.rel1.win32_1.1.0.202305231506/tools/bin/../lib/gcc/arm-none-eabi/11.3.1/../../../../arm-none-eabi/lib/thumb/v7e-m+fp/hard\libc_nano.a
LOAD C:/ST/STM32CubeIDE_1.12.1/STM32CubeIDE/plugins/com.st.stm32cube.ide.mcu.externaltools.gnu-tools-for-stm32.11.3.rel1.win32_1.1.0.202305231506/tools/bin/../lib/gcc/arm-none-eabi/11.3.1/../../../../arm-none-eabi/lib/thumb/v7e-m+fp/hard\libnosys.a
END GROUP
LOAD C:/ST/STM32CubeIDE_1.12.1/STM32CubeIDE/plugins/com.st.stm32cube.ide.mcu.externaltools.gnu-tools-for-stm32.11.3.rel1.win32_1.1.0.202305231506/tools/bin/../lib/gcc/arm-none-eabi/11.3.1/thumb/v7e-m+fp/hard/crtend.o
LOAD C:/ST/STM32CubeIDE_1.12.1/STM32CubeIDE/plugins/com.st.stm32cube.ide.mcu.externaltools.gnu-tools-for-stm32.11.3.rel1.win32_1.1.0.202305231506/tools/bin/../lib/gcc/arm-none-eabi/11.3.1/thumb/v7e-m+fp/hard/crtn.o
                0x0000000020020000                _estack = (ORIGIN (RAM) + LENGTH (RAM))
                0x0000000000000200                _Min_Heap_Size = 0x200
                0x0000000000000400                _Min_Stack_Size = 0x400

.isr_vector     0x0000000008000000      0x188
                0x0000000008000000                . = ALIGN (0x4)
 *(.isr_vector)
 .isr_vector    0x0000000008000000      0x188 ./Core/Startup/startup_stm32f407zgtx.o
                0x0000000008000000                g_pfnVectors
                0x0000000008000188                . = ALIGN (0x4)

.text           0x0000000008000190    0x10c74
                0x0000000008000190                . = ALIGN (0x4)
 *(.text)
 .text          0x0000000008000190       0x40 C:/ST/STM32CubeIDE_1.12.1/STM32CubeIDE/plugins/com.st.stm32cube.ide.mcu.externaltools.gnu-tools-for-stm32.11.3.rel1.win32_1.1.0.202305231506/tools/bin/../lib/gcc/arm-none-eabi/11.3.1/thumb/v7e-m+fp/hard/crtbegin.o
 .text          0x00000000080001d0       0xa0 C:/ST/STM32CubeIDE_1.12.1/STM32CubeIDE/plugins/com.st.stm32cube.ide.mcu.externaltools.gnu-tools-for-stm32.11.3.rel1.win32_1.1.0.202305231506/tools/bin/../lib/gcc/arm-none-eabi/11.3.1/../../../../arm-none-eabi/lib/thumb/v7e-m+fp/hard\libc_nano.a(libc_a-memchr.o)
                0x00000000080001d0                memchr
 .text          0x0000000008000270       0x10 C:/ST/STM32CubeIDE_1.12.1/STM32CubeIDE/plugins/com.st.stm32cube.ide.mcu.externaltools.gnu-tools-for-stm32.11.3.rel1.win32_1.1.0.202305231506/tools/bin/../lib/gcc/arm-none-eabi/11.3.1/../../../../arm-none-eabi/lib/thumb/v7e-m+fp/hard\libc_nano.a(libc_a-strlen.o)
                0x0000000008000270                strlen
 .text          0x0000000008000280      0x378 C:/ST/STM32CubeIDE_1.12.1/STM32CubeIDE/plugins/com.st.stm32cube.ide.mcu.externaltools.gnu-tools-for-stm32.11.3.rel1.win32_1.1.0.202305231506/tools/bin/../lib/gcc/arm-none-eabi/11.3.1/thumb/v7e-m+fp/hard\libgcc.a(_arm_addsubdf3.o)
                0x0000000008000280                __aeabi_drsub
                0x0000000008000288                __aeabi_dsub
                0x0000000008000288                __subdf3
                0x000000000800028c                __aeabi_dadd
                0x000000000800028c                __adddf3
                0x0000000008000504                __floatunsidf
                0x0000000008000504                __aeabi_ui2d
                0x0000000008000524                __floatsidf
                0x0000000008000524                __aeabi_i2d
                0x0000000008000548                __aeabi_f2d
                0x0000000008000548                __extendsfdf2
                0x000000000800058c                __floatundidf
                0x000000000800058c                __aeabi_ul2d
                0x000000000800059c                __floatdidf
                0x000000000800059c                __aeabi_l2d
 .text          0x00000000080005f8      0x424 C:/ST/STM32CubeIDE_1.12.1/STM32CubeIDE/plugins/com.st.stm32cube.ide.mcu.externaltools.gnu-tools-for-stm32.11.3.rel1.win32_1.1.0.202305231506/tools/bin/../lib/gcc/arm-none-eabi/11.3.1/thumb/v7e-m+fp/hard\libgcc.a(_arm_muldivdf3.o)
                0x00000000080005f8                __aeabi_dmul
                0x00000000080005f8                __muldf3
                0x000000000800084c                __divdf3
                0x000000000800084c                __aeabi_ddiv
 .text          0x0000000008000a1c      0x110 C:/ST/STM32CubeIDE_1.12.1/STM32CubeIDE/plugins/com.st.stm32cube.ide.mcu.externaltools.gnu-tools-for-stm32.11.3.rel1.win32_1.1.0.202305231506/tools/bin/../lib/gcc/arm-none-eabi/11.3.1/thumb/v7e-m+fp/hard\libgcc.a(_arm_cmpdf2.o)
                0x0000000008000a1c                __gtdf2
                0x0000000008000a1c                __gedf2
                0x0000000008000a24                __ltdf2
                0x0000000008000a24                __ledf2
                0x0000000008000a2c                __nedf2
                0x0000000008000a2c                __eqdf2
                0x0000000008000a2c                __cmpdf2
                0x0000000008000aa8                __aeabi_cdrcmple
                0x0000000008000ab8                __aeabi_cdcmpeq
                0x0000000008000ab8                __aeabi_cdcmple
                0x0000000008000ac8                __aeabi_dcmpeq
                0x0000000008000adc                __aeabi_dcmplt
                0x0000000008000af0                __aeabi_dcmple
                0x0000000008000b04                __aeabi_dcmpge
                0x0000000008000b18                __aeabi_dcmpgt
 .text          0x0000000008000b2c       0x2c C:/ST/STM32CubeIDE_1.12.1/STM32CubeIDE/plugins/com.st.stm32cube.ide.mcu.externaltools.gnu-tools-for-stm32.11.3.rel1.win32_1.1.0.202305231506/tools/bin/../lib/gcc/arm-none-eabi/11.3.1/thumb/v7e-m+fp/hard\libgcc.a(_arm_unorddf2.o)
                0x0000000008000b2c                __unorddf2
                0x0000000008000b2c                __aeabi_dcmpun
 .text          0x0000000008000b58       0x50 C:/ST/STM32CubeIDE_1.12.1/STM32CubeIDE/plugins/com.st.stm32cube.ide.mcu.externaltools.gnu-tools-for-stm32.11.3.rel1.win32_1.1.0.202305231506/tools/bin/../lib/gcc/arm-none-eabi/11.3.1/thumb/v7e-m+fp/hard\libgcc.a(_arm_fixdfsi.o)
                0x0000000008000b58                __aeabi_d2iz
                0x0000000008000b58                __fixdfsi
 .text          0x0000000008000ba8       0x40 C:/ST/STM32CubeIDE_1.12.1/STM32CubeIDE/plugins/com.st.stm32cube.ide.mcu.externaltools.gnu-tools-for-stm32.11.3.rel1.win32_1.1.0.202305231506/tools/bin/../lib/gcc/arm-none-eabi/11.3.1/thumb/v7e-m+fp/hard\libgcc.a(_arm_fixunsdfsi.o)
                0x0000000008000ba8                __aeabi_d2uiz
                0x0000000008000ba8                __fixunsdfsi
 .text          0x0000000008000be8       0x30 C:/ST/STM32CubeIDE_1.12.1/STM32CubeIDE/plugins/com.st.stm32cube.ide.mcu.externaltools.gnu-tools-for-stm32.11.3.rel1.win32_1.1.0.202305231506/tools/bin/../lib/gcc/arm-none-eabi/11.3.1/thumb/v7e-m+fp/hard\libgcc.a(_aeabi_uldivmod.o)
                0x0000000008000be8                __aeabi_uldivmod
 .text          0x0000000008000c18      0x2c8 C:/ST/STM32CubeIDE_1.12.1/STM32CubeIDE/plugins/com.st.stm32cube.ide.mcu.externaltools.gnu-tools-for-stm32.11.3.rel1.win32_1.1.0.202305231506/tools/bin/../lib/gcc/arm-none-eabi/11.3.1/thumb/v7e-m+fp/hard\libgcc.a(_udivmoddi4.o)
                0x0000000008000c18                __udivmoddi4
 .text          0x0000000008000ee0        0x4 C:/ST/STM32CubeIDE_1.12.1/STM32CubeIDE/plugins/com.st.stm32cube.ide.mcu.externaltools.gnu-tools-for-stm32.11.3.rel1.win32_1.1.0.202305231506/tools/bin/../lib/gcc/arm-none-eabi/11.3.1/thumb/v7e-m+fp/hard\libgcc.a(_dvmd_tls.o)
                0x0000000008000ee0                __aeabi_idiv0
                0x0000000008000ee0                __aeabi_ldiv0
 *(.text*)
 .text.MX_FSMC_Init
                0x0000000008000ee4       0xf4 ./Core/Src/fsmc.o
                0x0000000008000ee4                MX_FSMC_Init
 .text.HAL_FSMC_MspInit
                0x0000000008000fd8       0xe0 ./Core/Src/fsmc.o
 .text.HAL_SRAM_MspInit
                0x00000000080010b8       0x14 ./Core/Src/fsmc.o
                0x00000000080010b8                HAL_SRAM_MspInit
 .text.read_key_state
                0x00000000080010cc       0xdc ./Core/Src/gpio.o
                0x00000000080010cc                read_key_state
 .text.MX_GPIO_Init
                0x00000000080011a8      0x1b4 ./Core/Src/gpio.o
                0x00000000080011a8                MX_GPIO_Init
 .text.MX_I2C1_Init
                0x000000000800135c       0x60 ./Core/Src/i2c.o
                0x000000000800135c                MX_I2C1_Init
 .text.HAL_I2C_MspInit
                0x00000000080013bc       0x90 ./Core/Src/i2c.o
                0x00000000080013bc                HAL_I2C_MspInit
 .text.HAL_TIM_PeriodElapsedCallback
                0x000000000800144c       0x6c ./Core/Src/main.o
                0x000000000800144c                HAL_TIM_PeriodElapsedCallback
 .text.raw_to_ms2
                0x00000000080014b8       0x3c ./Core/Src/main.o
 .text.main     0x00000000080014f4      0xd78 ./Core/Src/main.o
                0x00000000080014f4                main
 .text.SystemClock_Config
                0x000000000800226c       0xd4 ./Core/Src/main.o
                0x000000000800226c                SystemClock_Config
 .text.Error_Handler
                0x0000000008002340        0xa ./Core/Src/main.o
                0x0000000008002340                Error_Handler
 *fill*         0x000000000800234a        0x2 
 .text.create_and_write_txt
                0x000000000800234c      0x1f4 ./Core/Src/mySD.o
                0x000000000800234c                create_and_write_txt
 .text.display_sd_card_files
                0x0000000008002540      0x128 ./Core/Src/mySD.o
                0x0000000008002540                display_sd_card_files
 .text.create_data_file
                0x0000000008002668       0xa0 ./Core/Src/mySD.o
                0x0000000008002668                create_data_file
 .text.get_file_name_by_index
                0x0000000008002708      0x150 ./Core/Src/mySD.o
                0x0000000008002708                get_file_name_by_index
 .text.display_file_first_10_lines
                0x0000000008002858      0x1ac ./Core/Src/mySD.o
                0x0000000008002858                display_file_first_10_lines
 .text.buffered_append_txt_lines
                0x0000000008002a04      0x18c ./Core/Src/mySD.o
                0x0000000008002a04                buffered_append_txt_lines
 .text.MX_SDIO_SD_Init
                0x0000000008002b90       0x40 ./Core/Src/sdio.o
                0x0000000008002b90                MX_SDIO_SD_Init
 .text.HAL_SD_MspInit
                0x0000000008002bd0       0xd0 ./Core/Src/sdio.o
                0x0000000008002bd0                HAL_SD_MspInit
 .text.HAL_MspInit
                0x0000000008002ca0       0x50 ./Core/Src/stm32f4xx_hal_msp.o
                0x0000000008002ca0                HAL_MspInit
 .text.NMI_Handler
                0x0000000008002cf0        0x6 ./Core/Src/stm32f4xx_it.o
                0x0000000008002cf0                NMI_Handler
 .text.HardFault_Handler
                0x0000000008002cf6        0x6 ./Core/Src/stm32f4xx_it.o
                0x0000000008002cf6                HardFault_Handler
 .text.MemManage_Handler
                0x0000000008002cfc        0x6 ./Core/Src/stm32f4xx_it.o
                0x0000000008002cfc                MemManage_Handler
 .text.BusFault_Handler
                0x0000000008002d02        0x6 ./Core/Src/stm32f4xx_it.o
                0x0000000008002d02                BusFault_Handler
 .text.UsageFault_Handler
                0x0000000008002d08        0x6 ./Core/Src/stm32f4xx_it.o
                0x0000000008002d08                UsageFault_Handler
 .text.SVC_Handler
                0x0000000008002d0e        0xe ./Core/Src/stm32f4xx_it.o
                0x0000000008002d0e                SVC_Handler
 .text.DebugMon_Handler
                0x0000000008002d1c        0xe ./Core/Src/stm32f4xx_it.o
                0x0000000008002d1c                DebugMon_Handler
 .text.PendSV_Handler
                0x0000000008002d2a        0xe ./Core/Src/stm32f4xx_it.o
                0x0000000008002d2a                PendSV_Handler
 .text.SysTick_Handler
                0x0000000008002d38        0xc ./Core/Src/stm32f4xx_it.o
                0x0000000008002d38                SysTick_Handler
 .text.TIM2_IRQHandler
                0x0000000008002d44       0x14 ./Core/Src/stm32f4xx_it.o
                0x0000000008002d44                TIM2_IRQHandler
 .text._getpid  0x0000000008002d58       0x10 ./Core/Src/syscalls.o
                0x0000000008002d58                _getpid
 .text._kill    0x0000000008002d68       0x20 ./Core/Src/syscalls.o
                0x0000000008002d68                _kill
 .text._exit    0x0000000008002d88       0x14 ./Core/Src/syscalls.o
                0x0000000008002d88                _exit
 .text._read    0x0000000008002d9c       0x3a ./Core/Src/syscalls.o
                0x0000000008002d9c                _read
 .text._write   0x0000000008002dd6       0x38 ./Core/Src/syscalls.o
                0x0000000008002dd6                _write
 .text._close   0x0000000008002e0e       0x18 ./Core/Src/syscalls.o
                0x0000000008002e0e                _close
 .text._fstat   0x0000000008002e26       0x20 ./Core/Src/syscalls.o
                0x0000000008002e26                _fstat
 .text._isatty  0x0000000008002e46       0x16 ./Core/Src/syscalls.o
                0x0000000008002e46                _isatty
 .text._lseek   0x0000000008002e5c       0x1a ./Core/Src/syscalls.o
                0x0000000008002e5c                _lseek
 *fill*         0x0000000008002e76        0x2 
 .text._sbrk    0x0000000008002e78       0x6c ./Core/Src/sysmem.o
                0x0000000008002e78                _sbrk
 .text.SystemInit
                0x0000000008002ee4       0x24 ./Core/Src/system_stm32f4xx.o
                0x0000000008002ee4                SystemInit
 .text.MX_TIM2_Init
                0x0000000008002f08       0x9c ./Core/Src/tim.o
                0x0000000008002f08                MX_TIM2_Init
 .text.HAL_TIM_Base_MspInit
                0x0000000008002fa4       0x4c ./Core/Src/tim.o
                0x0000000008002fa4                HAL_TIM_Base_MspInit
 .text.MX_USART1_Init
                0x0000000008002ff0       0x58 ./Core/Src/usart.o
                0x0000000008002ff0                MX_USART1_Init
 .text.HAL_USART_MspInit
                0x0000000008003048       0x90 ./Core/Src/usart.o
                0x0000000008003048                HAL_USART_MspInit
 .text.Reset_Handler
                0x00000000080030d8       0x50 ./Core/Startup/startup_stm32f407zgtx.o
                0x00000000080030d8                Reset_Handler
 .text.Default_Handler
                0x0000000008003128        0x2 ./Core/Startup/startup_stm32f407zgtx.o
                0x0000000008003128                RTC_Alarm_IRQHandler
                0x0000000008003128                HASH_RNG_IRQHandler
                0x0000000008003128                EXTI2_IRQHandler
                0x0000000008003128                TIM8_CC_IRQHandler
                0x0000000008003128                TIM1_CC_IRQHandler
                0x0000000008003128                DMA2_Stream5_IRQHandler
                0x0000000008003128                DMA1_Stream5_IRQHandler
                0x0000000008003128                PVD_IRQHandler
                0x0000000008003128                SDIO_IRQHandler
                0x0000000008003128                TAMP_STAMP_IRQHandler
                0x0000000008003128                CAN2_RX1_IRQHandler
                0x0000000008003128                EXTI3_IRQHandler
                0x0000000008003128                TIM8_TRG_COM_TIM14_IRQHandler
                0x0000000008003128                TIM1_UP_TIM10_IRQHandler
                0x0000000008003128                TIM8_UP_TIM13_IRQHandler
                0x0000000008003128                I2C3_ER_IRQHandler
                0x0000000008003128                EXTI0_IRQHandler
                0x0000000008003128                I2C2_EV_IRQHandler
                0x0000000008003128                DMA1_Stream2_IRQHandler
                0x0000000008003128                CAN1_RX0_IRQHandler
                0x0000000008003128                FPU_IRQHandler
                0x0000000008003128                OTG_HS_WKUP_IRQHandler
                0x0000000008003128                CAN2_SCE_IRQHandler
                0x0000000008003128                DMA2_Stream2_IRQHandler
                0x0000000008003128                SPI1_IRQHandler
                0x0000000008003128                TIM6_DAC_IRQHandler
                0x0000000008003128                TIM1_BRK_TIM9_IRQHandler
                0x0000000008003128                DCMI_IRQHandler
                0x0000000008003128                CAN2_RX0_IRQHandler
                0x0000000008003128                DMA2_Stream3_IRQHandler
                0x0000000008003128                USART6_IRQHandler
                0x0000000008003128                USART3_IRQHandler
                0x0000000008003128                CAN1_RX1_IRQHandler
                0x0000000008003128                UART5_IRQHandler
                0x0000000008003128                DMA2_Stream0_IRQHandler
                0x0000000008003128                TIM4_IRQHandler
                0x0000000008003128                I2C1_EV_IRQHandler
                0x0000000008003128                DMA1_Stream6_IRQHandler
                0x0000000008003128                DMA1_Stream1_IRQHandler
                0x0000000008003128                UART4_IRQHandler
                0x0000000008003128                TIM3_IRQHandler
                0x0000000008003128                RCC_IRQHandler
                0x0000000008003128                TIM8_BRK_TIM12_IRQHandler
                0x0000000008003128                Default_Handler
                0x0000000008003128                EXTI15_10_IRQHandler
                0x0000000008003128                ADC_IRQHandler
                0x0000000008003128                DMA1_Stream7_IRQHandler
                0x0000000008003128                TIM7_IRQHandler
                0x0000000008003128                CAN2_TX_IRQHandler
                0x0000000008003128                TIM5_IRQHandler
                0x0000000008003128                DMA2_Stream7_IRQHandler
                0x0000000008003128                I2C3_EV_IRQHandler
                0x0000000008003128                EXTI9_5_IRQHandler
                0x0000000008003128                RTC_WKUP_IRQHandler
                0x0000000008003128                ETH_WKUP_IRQHandler
                0x0000000008003128                SPI2_IRQHandler
                0x0000000008003128                OTG_HS_EP1_IN_IRQHandler
                0x0000000008003128                DMA1_Stream0_IRQHandler
                0x0000000008003128                CAN1_TX_IRQHandler
                0x0000000008003128                EXTI4_IRQHandler
                0x0000000008003128                FSMC_IRQHandler
                0x0000000008003128                ETH_IRQHandler
                0x0000000008003128                OTG_HS_EP1_OUT_IRQHandler
                0x0000000008003128                WWDG_IRQHandler
                0x0000000008003128                OTG_FS_WKUP_IRQHandler
                0x0000000008003128                TIM1_TRG_COM_TIM11_IRQHandler
                0x0000000008003128                OTG_HS_IRQHandler
                0x0000000008003128                EXTI1_IRQHandler
                0x0000000008003128                USART2_IRQHandler
                0x0000000008003128                I2C2_ER_IRQHandler
                0x0000000008003128                DMA2_Stream1_IRQHandler
                0x0000000008003128                CAN1_SCE_IRQHandler
                0x0000000008003128                FLASH_IRQHandler
                0x0000000008003128                DMA2_Stream4_IRQHandler
                0x0000000008003128                USART1_IRQHandler
                0x0000000008003128                OTG_FS_IRQHandler
                0x0000000008003128                SPI3_IRQHandler
                0x0000000008003128                DMA1_Stream4_IRQHandler
                0x0000000008003128                I2C1_ER_IRQHandler
                0x0000000008003128                DMA2_Stream6_IRQHandler
                0x0000000008003128                DMA1_Stream3_IRQHandler
 .text.lcd_ex_st7789_reginit
                0x000000000800312a      0x1ac ./Drivers/BSP/LCD/lcd.o
                0x000000000800312a                lcd_ex_st7789_reginit
 .text.lcd_ex_ili9341_reginit
                0x00000000080032d6      0x230 ./Drivers/BSP/LCD/lcd.o
                0x00000000080032d6                lcd_ex_ili9341_reginit
 .text.lcd_ex_nt35310_reginit
                0x0000000008003506      0xef6 ./Drivers/BSP/LCD/lcd.o
                0x0000000008003506                lcd_ex_nt35310_reginit
 .text.lcd_ex_nt35510_reginit
                0x00000000080043fc      0xf00 ./Drivers/BSP/LCD/lcd.o
                0x00000000080043fc                lcd_ex_nt35510_reginit
 .text.lcd_ex_ssd1963_reginit
                0x00000000080052fc      0x172 ./Drivers/BSP/LCD/lcd.o
                0x00000000080052fc                lcd_ex_ssd1963_reginit
 *fill*         0x000000000800546e        0x2 
 .text.lcd_wr_data
                0x0000000008005470       0x28 ./Drivers/BSP/LCD/lcd.o
                0x0000000008005470                lcd_wr_data
 .text.lcd_wr_regno
                0x0000000008005498       0x28 ./Drivers/BSP/LCD/lcd.o
                0x0000000008005498                lcd_wr_regno
 .text.lcd_write_reg
                0x00000000080054c0       0x2c ./Drivers/BSP/LCD/lcd.o
                0x00000000080054c0                lcd_write_reg
 .text.lcd_rd_data
                0x00000000080054ec       0x24 ./Drivers/BSP/LCD/lcd.o
 .text.lcd_write_ram_prepare
                0x0000000008005510       0x20 ./Drivers/BSP/LCD/lcd.o
                0x0000000008005510                lcd_write_ram_prepare
 .text.lcd_set_cursor
                0x0000000008005530      0x1ac ./Drivers/BSP/LCD/lcd.o
                0x0000000008005530                lcd_set_cursor
 .text.lcd_scan_dir
                0x00000000080056dc      0x2f8 ./Drivers/BSP/LCD/lcd.o
                0x00000000080056dc                lcd_scan_dir
 .text.lcd_draw_point
                0x00000000080059d4       0x34 ./Drivers/BSP/LCD/lcd.o
                0x00000000080059d4                lcd_draw_point
 .text.lcd_ssd_backlight_set
                0x0000000008005a08       0x68 ./Drivers/BSP/LCD/lcd.o
                0x0000000008005a08                lcd_ssd_backlight_set
 .text.lcd_display_dir
                0x0000000008005a70      0x170 ./Drivers/BSP/LCD/lcd.o
                0x0000000008005a70                lcd_display_dir
 .text.lcd_init
                0x0000000008005be0      0x2f4 ./Drivers/BSP/LCD/lcd.o
                0x0000000008005be0                lcd_init
 .text.lcd_clear
                0x0000000008005ed4       0x5c ./Drivers/BSP/LCD/lcd.o
                0x0000000008005ed4                lcd_clear
 .text.lcd_fill
                0x0000000008005f30       0x7c ./Drivers/BSP/LCD/lcd.o
                0x0000000008005f30                lcd_fill
 .text.lcd_draw_line
                0x0000000008005fac      0x10a ./Drivers/BSP/LCD/lcd.o
                0x0000000008005fac                lcd_draw_line
 *fill*         0x00000000080060b6        0x2 
 .text.lcd_show_char
                0x00000000080060b8      0x1bc ./Drivers/BSP/LCD/lcd.o
                0x00000000080060b8                lcd_show_char
 .text.lcd_show_string
                0x0000000008006274       0xa0 ./Drivers/BSP/LCD/lcd.o
                0x0000000008006274                lcd_show_string
 .text.MPU_Write_Register
                0x0000000008006314       0x3c ./Drivers/BSP/MPU/MPU.o
                0x0000000008006314                MPU_Write_Register
 .text.mpu_init
                0x0000000008006350       0x7e ./Drivers/BSP/MPU/MPU.o
                0x0000000008006350                mpu_init
 *fill*         0x00000000080063ce        0x2 
 .text.MPU_Read_Accel_X
                0x00000000080063d0       0x40 ./Drivers/BSP/MPU/MPU.o
                0x00000000080063d0                MPU_Read_Accel_X
 .text.MPU_Read_Accel_Y
                0x0000000008006410       0x40 ./Drivers/BSP/MPU/MPU.o
                0x0000000008006410                MPU_Read_Accel_Y
 .text.MPU_Read_Accel_Z
                0x0000000008006450       0x40 ./Drivers/BSP/MPU/MPU.o
                0x0000000008006450                MPU_Read_Accel_Z
 .text.HAL_Init
                0x0000000008006490       0x44 ./Drivers/STM32F4xx_HAL_Driver/Src/stm32f4xx_hal.o
                0x0000000008006490                HAL_Init
 .text.HAL_InitTick
                0x00000000080064d4       0x60 ./Drivers/STM32F4xx_HAL_Driver/Src/stm32f4xx_hal.o
                0x00000000080064d4                HAL_InitTick
 .text.HAL_IncTick
                0x0000000008006534       0x28 ./Drivers/STM32F4xx_HAL_Driver/Src/stm32f4xx_hal.o
                0x0000000008006534                HAL_IncTick
 .text.HAL_GetTick
                0x000000000800655c       0x18 ./Drivers/STM32F4xx_HAL_Driver/Src/stm32f4xx_hal.o
                0x000000000800655c                HAL_GetTick
 .text.HAL_Delay
                0x0000000008006574       0x48 ./Drivers/STM32F4xx_HAL_Driver/Src/stm32f4xx_hal.o
                0x0000000008006574                HAL_Delay
 .text.__NVIC_SetPriorityGrouping
                0x00000000080065bc       0x48 ./Drivers/STM32F4xx_HAL_Driver/Src/stm32f4xx_hal_cortex.o
 .text.__NVIC_GetPriorityGrouping
                0x0000000008006604       0x1c ./Drivers/STM32F4xx_HAL_Driver/Src/stm32f4xx_hal_cortex.o
 .text.__NVIC_EnableIRQ
                0x0000000008006620       0x3c ./Drivers/STM32F4xx_HAL_Driver/Src/stm32f4xx_hal_cortex.o
 .text.__NVIC_SetPriority
                0x000000000800665c       0x54 ./Drivers/STM32F4xx_HAL_Driver/Src/stm32f4xx_hal_cortex.o
 .text.NVIC_EncodePriority
                0x00000000080066b0       0x66 ./Drivers/STM32F4xx_HAL_Driver/Src/stm32f4xx_hal_cortex.o
 *fill*         0x0000000008006716        0x2 
 .text.SysTick_Config
                0x0000000008006718       0x44 ./Drivers/STM32F4xx_HAL_Driver/Src/stm32f4xx_hal_cortex.o
 .text.HAL_NVIC_SetPriorityGrouping
                0x000000000800675c       0x16 ./Drivers/STM32F4xx_HAL_Driver/Src/stm32f4xx_hal_cortex.o
                0x000000000800675c                HAL_NVIC_SetPriorityGrouping
 .text.HAL_NVIC_SetPriority
                0x0000000008006772       0x38 ./Drivers/STM32F4xx_HAL_Driver/Src/stm32f4xx_hal_cortex.o
                0x0000000008006772                HAL_NVIC_SetPriority
 .text.HAL_NVIC_EnableIRQ
                0x00000000080067aa       0x1c ./Drivers/STM32F4xx_HAL_Driver/Src/stm32f4xx_hal_cortex.o
                0x00000000080067aa                HAL_NVIC_EnableIRQ
 .text.HAL_SYSTICK_Config
                0x00000000080067c6       0x18 ./Drivers/STM32F4xx_HAL_Driver/Src/stm32f4xx_hal_cortex.o
                0x00000000080067c6                HAL_SYSTICK_Config
 *fill*         0x00000000080067de        0x2 
 .text.HAL_GPIO_Init
                0x00000000080067e0      0x338 ./Drivers/STM32F4xx_HAL_Driver/Src/stm32f4xx_hal_gpio.o
                0x00000000080067e0                HAL_GPIO_Init
 .text.HAL_GPIO_ReadPin
                0x0000000008006b18       0x30 ./Drivers/STM32F4xx_HAL_Driver/Src/stm32f4xx_hal_gpio.o
                0x0000000008006b18                HAL_GPIO_ReadPin
 .text.HAL_GPIO_WritePin
                0x0000000008006b48       0x32 ./Drivers/STM32F4xx_HAL_Driver/Src/stm32f4xx_hal_gpio.o
                0x0000000008006b48                HAL_GPIO_WritePin
 *fill*         0x0000000008006b7a        0x2 
 .text.HAL_I2C_Init
                0x0000000008006b7c      0x288 ./Drivers/STM32F4xx_HAL_Driver/Src/stm32f4xx_hal_i2c.o
                0x0000000008006b7c                HAL_I2C_Init
 .text.HAL_I2C_Mem_Write
                0x0000000008006e04      0x1f4 ./Drivers/STM32F4xx_HAL_Driver/Src/stm32f4xx_hal_i2c.o
                0x0000000008006e04                HAL_I2C_Mem_Write
 .text.HAL_I2C_Mem_Read
                0x0000000008006ff8      0x44c ./Drivers/STM32F4xx_HAL_Driver/Src/stm32f4xx_hal_i2c.o
                0x0000000008006ff8                HAL_I2C_Mem_Read
 .text.I2C_RequestMemoryWrite
                0x0000000008007444      0x12c ./Drivers/STM32F4xx_HAL_Driver/Src/stm32f4xx_hal_i2c.o
 .text.I2C_RequestMemoryRead
                0x0000000008007570      0x1d0 ./Drivers/STM32F4xx_HAL_Driver/Src/stm32f4xx_hal_i2c.o
 .text.I2C_WaitOnFlagUntilTimeout
                0x0000000008007740       0xae ./Drivers/STM32F4xx_HAL_Driver/Src/stm32f4xx_hal_i2c.o
 .text.I2C_WaitOnMasterAddressFlagUntilTimeout
                0x00000000080077ee       0xfe ./Drivers/STM32F4xx_HAL_Driver/Src/stm32f4xx_hal_i2c.o
 .text.I2C_WaitOnTXEFlagUntilTimeout
                0x00000000080078ec       0x82 ./Drivers/STM32F4xx_HAL_Driver/Src/stm32f4xx_hal_i2c.o
 .text.I2C_WaitOnBTFFlagUntilTimeout
                0x000000000800796e       0x82 ./Drivers/STM32F4xx_HAL_Driver/Src/stm32f4xx_hal_i2c.o
 .text.I2C_WaitOnRXNEFlagUntilTimeout
                0x00000000080079f0       0xac ./Drivers/STM32F4xx_HAL_Driver/Src/stm32f4xx_hal_i2c.o
 .text.I2C_IsAcknowledgeFailed
                0x0000000008007a9c       0x5e ./Drivers/STM32F4xx_HAL_Driver/Src/stm32f4xx_hal_i2c.o
 *fill*         0x0000000008007afa        0x2 
 .text.HAL_RCC_OscConfig
                0x0000000008007afc      0x4f0 ./Drivers/STM32F4xx_HAL_Driver/Src/stm32f4xx_hal_rcc.o
                0x0000000008007afc                HAL_RCC_OscConfig
 .text.HAL_RCC_ClockConfig
                0x0000000008007fec      0x1cc ./Drivers/STM32F4xx_HAL_Driver/Src/stm32f4xx_hal_rcc.o
                0x0000000008007fec                HAL_RCC_ClockConfig
 .text.HAL_RCC_GetSysClockFreq
                0x00000000080081b8      0x20c ./Drivers/STM32F4xx_HAL_Driver/Src/stm32f4xx_hal_rcc.o
                0x00000000080081b8                HAL_RCC_GetSysClockFreq
 .text.HAL_RCC_GetHCLKFreq
                0x00000000080083c4       0x18 ./Drivers/STM32F4xx_HAL_Driver/Src/stm32f4xx_hal_rcc.o
                0x00000000080083c4                HAL_RCC_GetHCLKFreq
 .text.HAL_RCC_GetPCLK1Freq
                0x00000000080083dc       0x28 ./Drivers/STM32F4xx_HAL_Driver/Src/stm32f4xx_hal_rcc.o
                0x00000000080083dc                HAL_RCC_GetPCLK1Freq
 .text.HAL_RCC_GetPCLK2Freq
                0x0000000008008404       0x28 ./Drivers/STM32F4xx_HAL_Driver/Src/stm32f4xx_hal_rcc.o
                0x0000000008008404                HAL_RCC_GetPCLK2Freq
 .text.HAL_SD_Init
                0x000000000800842c       0x60 ./Drivers/STM32F4xx_HAL_Driver/Src/stm32f4xx_hal_sd.o
                0x000000000800842c                HAL_SD_Init
 .text.HAL_SD_InitCard
                0x000000000800848c      0x100 ./Drivers/STM32F4xx_HAL_Driver/Src/stm32f4xx_hal_sd.o
                0x000000000800848c                HAL_SD_InitCard
 .text.HAL_SD_ReadBlocks
                0x000000000800858c      0x3bc ./Drivers/STM32F4xx_HAL_Driver/Src/stm32f4xx_hal_sd.o
                0x000000000800858c                HAL_SD_ReadBlocks
 .text.HAL_SD_WriteBlocks
                0x0000000008008948      0x30c ./Drivers/STM32F4xx_HAL_Driver/Src/stm32f4xx_hal_sd.o
                0x0000000008008948                HAL_SD_WriteBlocks
 .text.HAL_SD_GetCardCSD
                0x0000000008008c54      0x348 ./Drivers/STM32F4xx_HAL_Driver/Src/stm32f4xx_hal_sd.o
                0x0000000008008c54                HAL_SD_GetCardCSD
 .text.HAL_SD_GetCardInfo
                0x0000000008008f9c       0x58 ./Drivers/STM32F4xx_HAL_Driver/Src/stm32f4xx_hal_sd.o
                0x0000000008008f9c                HAL_SD_GetCardInfo
 .text.HAL_SD_ConfigWideBusOperation
                0x0000000008008ff4      0x134 ./Drivers/STM32F4xx_HAL_Driver/Src/stm32f4xx_hal_sd.o
                0x0000000008008ff4                HAL_SD_ConfigWideBusOperation
 .text.HAL_SD_GetCardState
                0x0000000008009128       0x40 ./Drivers/STM32F4xx_HAL_Driver/Src/stm32f4xx_hal_sd.o
                0x0000000008009128                HAL_SD_GetCardState
 .text.SD_InitCard
                0x0000000008009168      0x19c ./Drivers/STM32F4xx_HAL_Driver/Src/stm32f4xx_hal_sd.o
 .text.SD_PowerON
                0x0000000008009304      0x11c ./Drivers/STM32F4xx_HAL_Driver/Src/stm32f4xx_hal_sd.o
 .text.SD_SendStatus
                0x0000000008009420       0x50 ./Drivers/STM32F4xx_HAL_Driver/Src/stm32f4xx_hal_sd.o
 .text.SD_WideBus_Enable
                0x0000000008009470       0x96 ./Drivers/STM32F4xx_HAL_Driver/Src/stm32f4xx_hal_sd.o
 .text.SD_WideBus_Disable
                0x0000000008009506       0x96 ./Drivers/STM32F4xx_HAL_Driver/Src/stm32f4xx_hal_sd.o
 .text.SD_FindSCR
                0x000000000800959c      0x1a6 ./Drivers/STM32F4xx_HAL_Driver/Src/stm32f4xx_hal_sd.o
 .text.HAL_SRAM_Init
                0x0000000008009742       0x90 ./Drivers/STM32F4xx_HAL_Driver/Src/stm32f4xx_hal_sram.o
                0x0000000008009742                HAL_SRAM_Init
 .text.HAL_TIM_Base_Init
                0x00000000080097d2       0x9e ./Drivers/STM32F4xx_HAL_Driver/Src/stm32f4xx_hal_tim.o
                0x00000000080097d2                HAL_TIM_Base_Init
 .text.HAL_TIM_Base_Start_IT
                0x0000000008009870       0xe0 ./Drivers/STM32F4xx_HAL_Driver/Src/stm32f4xx_hal_tim.o
                0x0000000008009870                HAL_TIM_Base_Start_IT
 .text.HAL_TIM_IRQHandler
                0x0000000008009950      0x210 ./Drivers/STM32F4xx_HAL_Driver/Src/stm32f4xx_hal_tim.o
                0x0000000008009950                HAL_TIM_IRQHandler
 .text.HAL_TIM_ConfigClockSource
                0x0000000008009b60      0x18e ./Drivers/STM32F4xx_HAL_Driver/Src/stm32f4xx_hal_tim.o
                0x0000000008009b60                HAL_TIM_ConfigClockSource
 .text.HAL_TIM_OC_DelayElapsedCallback
                0x0000000008009cee       0x14 ./Drivers/STM32F4xx_HAL_Driver/Src/stm32f4xx_hal_tim.o
                0x0000000008009cee                HAL_TIM_OC_DelayElapsedCallback
 .text.HAL_TIM_IC_CaptureCallback
                0x0000000008009d02       0x14 ./Drivers/STM32F4xx_HAL_Driver/Src/stm32f4xx_hal_tim.o
                0x0000000008009d02                HAL_TIM_IC_CaptureCallback
 .text.HAL_TIM_PWM_PulseFinishedCallback
                0x0000000008009d16       0x14 ./Drivers/STM32F4xx_HAL_Driver/Src/stm32f4xx_hal_tim.o
                0x0000000008009d16                HAL_TIM_PWM_PulseFinishedCallback
 .text.HAL_TIM_TriggerCallback
                0x0000000008009d2a       0x14 ./Drivers/STM32F4xx_HAL_Driver/Src/stm32f4xx_hal_tim.o
                0x0000000008009d2a                HAL_TIM_TriggerCallback
 *fill*         0x0000000008009d3e        0x2 
 .text.TIM_Base_SetConfig
                0x0000000008009d40      0x140 ./Drivers/STM32F4xx_HAL_Driver/Src/stm32f4xx_hal_tim.o
                0x0000000008009d40                TIM_Base_SetConfig
 .text.TIM_TI1_ConfigInputStage
                0x0000000008009e80       0x5e ./Drivers/STM32F4xx_HAL_Driver/Src/stm32f4xx_hal_tim.o
 .text.TIM_TI2_ConfigInputStage
                0x0000000008009ede       0x60 ./Drivers/STM32F4xx_HAL_Driver/Src/stm32f4xx_hal_tim.o
 .text.TIM_ITRx_SetConfig
                0x0000000008009f3e       0x36 ./Drivers/STM32F4xx_HAL_Driver/Src/stm32f4xx_hal_tim.o
 .text.TIM_ETR_SetConfig
                0x0000000008009f74       0x40 ./Drivers/STM32F4xx_HAL_Driver/Src/stm32f4xx_hal_tim.o
                0x0000000008009f74                TIM_ETR_SetConfig
 .text.HAL_TIMEx_MasterConfigSynchronization
                0x0000000008009fb4       0xf8 ./Drivers/STM32F4xx_HAL_Driver/Src/stm32f4xx_hal_tim_ex.o
                0x0000000008009fb4                HAL_TIMEx_MasterConfigSynchronization
 .text.HAL_TIMEx_CommutCallback
                0x000000000800a0ac       0x14 ./Drivers/STM32F4xx_HAL_Driver/Src/stm32f4xx_hal_tim_ex.o
                0x000000000800a0ac                HAL_TIMEx_CommutCallback
 .text.HAL_TIMEx_BreakCallback
                0x000000000800a0c0       0x14 ./Drivers/STM32F4xx_HAL_Driver/Src/stm32f4xx_hal_tim_ex.o
                0x000000000800a0c0                HAL_TIMEx_BreakCallback
 .text.HAL_USART_Init
                0x000000000800a0d4       0x82 ./Drivers/STM32F4xx_HAL_Driver/Src/stm32f4xx_hal_usart.o
                0x000000000800a0d4                HAL_USART_Init
 *fill*         0x000000000800a156        0x2 
 .text.USART_SetConfig
                0x000000000800a158      0x530 ./Drivers/STM32F4xx_HAL_Driver/Src/stm32f4xx_hal_usart.o
 .text.FSMC_NORSRAM_Init
                0x000000000800a688       0xd4 ./Drivers/STM32F4xx_HAL_Driver/Src/stm32f4xx_ll_fsmc.o
                0x000000000800a688                FSMC_NORSRAM_Init
 .text.FSMC_NORSRAM_Timing_Init
                0x000000000800a75c       0x6a ./Drivers/STM32F4xx_HAL_Driver/Src/stm32f4xx_ll_fsmc.o
                0x000000000800a75c                FSMC_NORSRAM_Timing_Init
 *fill*         0x000000000800a7c6        0x2 
 .text.FSMC_NORSRAM_Extended_Timing_Init
                0x000000000800a7c8       0x70 ./Drivers/STM32F4xx_HAL_Driver/Src/stm32f4xx_ll_fsmc.o
                0x000000000800a7c8                FSMC_NORSRAM_Extended_Timing_Init
 .text.SDIO_Init
                0x000000000800a838       0x56 ./Drivers/STM32F4xx_HAL_Driver/Src/stm32f4xx_ll_sdmmc.o
                0x000000000800a838                SDIO_Init
 .text.SDIO_ReadFIFO
                0x000000000800a88e       0x1a ./Drivers/STM32F4xx_HAL_Driver/Src/stm32f4xx_ll_sdmmc.o
                0x000000000800a88e                SDIO_ReadFIFO
 .text.SDIO_WriteFIFO
                0x000000000800a8a8       0x22 ./Drivers/STM32F4xx_HAL_Driver/Src/stm32f4xx_ll_sdmmc.o
                0x000000000800a8a8                SDIO_WriteFIFO
 .text.SDIO_PowerState_ON
                0x000000000800a8ca       0x1c ./Drivers/STM32F4xx_HAL_Driver/Src/stm32f4xx_ll_sdmmc.o
                0x000000000800a8ca                SDIO_PowerState_ON
 .text.SDIO_GetPowerState
                0x000000000800a8e6       0x1c ./Drivers/STM32F4xx_HAL_Driver/Src/stm32f4xx_ll_sdmmc.o
                0x000000000800a8e6                SDIO_GetPowerState
 .text.SDIO_SendCommand
                0x000000000800a902       0x54 ./Drivers/STM32F4xx_HAL_Driver/Src/stm32f4xx_ll_sdmmc.o
                0x000000000800a902                SDIO_SendCommand
 .text.SDIO_GetCommandResponse
                0x000000000800a956       0x1a ./Drivers/STM32F4xx_HAL_Driver/Src/stm32f4xx_ll_sdmmc.o
                0x000000000800a956                SDIO_GetCommandResponse
 .text.SDIO_GetResponse
                0x000000000800a970       0x26 ./Drivers/STM32F4xx_HAL_Driver/Src/stm32f4xx_ll_sdmmc.o
                0x000000000800a970                SDIO_GetResponse
 .text.SDIO_ConfigData
                0x000000000800a996       0x58 ./Drivers/STM32F4xx_HAL_Driver/Src/stm32f4xx_ll_sdmmc.o
                0x000000000800a996                SDIO_ConfigData
 .text.SDMMC_CmdBlockLength
                0x000000000800a9ee       0x44 ./Drivers/STM32F4xx_HAL_Driver/Src/stm32f4xx_ll_sdmmc.o
                0x000000000800a9ee                SDMMC_CmdBlockLength
 .text.SDMMC_CmdReadSingleBlock
                0x000000000800aa32       0x44 ./Drivers/STM32F4xx_HAL_Driver/Src/stm32f4xx_ll_sdmmc.o
                0x000000000800aa32                SDMMC_CmdReadSingleBlock
 .text.SDMMC_CmdReadMultiBlock
                0x000000000800aa76       0x44 ./Drivers/STM32F4xx_HAL_Driver/Src/stm32f4xx_ll_sdmmc.o
                0x000000000800aa76                SDMMC_CmdReadMultiBlock
 .text.SDMMC_CmdWriteSingleBlock
                0x000000000800aaba       0x44 ./Drivers/STM32F4xx_HAL_Driver/Src/stm32f4xx_ll_sdmmc.o
                0x000000000800aaba                SDMMC_CmdWriteSingleBlock
 .text.SDMMC_CmdWriteMultiBlock
                0x000000000800aafe       0x44 ./Drivers/STM32F4xx_HAL_Driver/Src/stm32f4xx_ll_sdmmc.o
                0x000000000800aafe                SDMMC_CmdWriteMultiBlock
 *fill*         0x000000000800ab42        0x2 
 .text.SDMMC_CmdStopTransfer
                0x000000000800ab44       0x44 ./Drivers/STM32F4xx_HAL_Driver/Src/stm32f4xx_ll_sdmmc.o
                0x000000000800ab44                SDMMC_CmdStopTransfer
 .text.SDMMC_CmdSelDesel
                0x000000000800ab88       0x46 ./Drivers/STM32F4xx_HAL_Driver/Src/stm32f4xx_ll_sdmmc.o
                0x000000000800ab88                SDMMC_CmdSelDesel
 .text.SDMMC_CmdGoIdleState
                0x000000000800abce       0x3c ./Drivers/STM32F4xx_HAL_Driver/Src/stm32f4xx_ll_sdmmc.o
                0x000000000800abce                SDMMC_CmdGoIdleState
 .text.SDMMC_CmdOperCond
                0x000000000800ac0a       0x3e ./Drivers/STM32F4xx_HAL_Driver/Src/stm32f4xx_ll_sdmmc.o
                0x000000000800ac0a                SDMMC_CmdOperCond
 .text.SDMMC_CmdAppCommand
                0x000000000800ac48       0x44 ./Drivers/STM32F4xx_HAL_Driver/Src/stm32f4xx_ll_sdmmc.o
                0x000000000800ac48                SDMMC_CmdAppCommand
 .text.SDMMC_CmdAppOperCommand
                0x000000000800ac8c       0x46 ./Drivers/STM32F4xx_HAL_Driver/Src/stm32f4xx_ll_sdmmc.o
                0x000000000800ac8c                SDMMC_CmdAppOperCommand
 .text.SDMMC_CmdBusWidth
                0x000000000800acd2       0x44 ./Drivers/STM32F4xx_HAL_Driver/Src/stm32f4xx_ll_sdmmc.o
                0x000000000800acd2                SDMMC_CmdBusWidth
 .text.SDMMC_CmdSendSCR
                0x000000000800ad16       0x42 ./Drivers/STM32F4xx_HAL_Driver/Src/stm32f4xx_ll_sdmmc.o
                0x000000000800ad16                SDMMC_CmdSendSCR
 .text.SDMMC_CmdSendCID
                0x000000000800ad58       0x3c ./Drivers/STM32F4xx_HAL_Driver/Src/stm32f4xx_ll_sdmmc.o
                0x000000000800ad58                SDMMC_CmdSendCID
 .text.SDMMC_CmdSendCSD
                0x000000000800ad94       0x3e ./Drivers/STM32F4xx_HAL_Driver/Src/stm32f4xx_ll_sdmmc.o
                0x000000000800ad94                SDMMC_CmdSendCSD
 .text.SDMMC_CmdSetRelAdd
                0x000000000800add2       0x42 ./Drivers/STM32F4xx_HAL_Driver/Src/stm32f4xx_ll_sdmmc.o
                0x000000000800add2                SDMMC_CmdSetRelAdd
 .text.SDMMC_CmdSendStatus
                0x000000000800ae14       0x44 ./Drivers/STM32F4xx_HAL_Driver/Src/stm32f4xx_ll_sdmmc.o
                0x000000000800ae14                SDMMC_CmdSendStatus
 .text.SDMMC_GetCmdResp1
                0x000000000800ae58      0x1dc ./Drivers/STM32F4xx_HAL_Driver/Src/stm32f4xx_ll_sdmmc.o
                0x000000000800ae58                SDMMC_GetCmdResp1
 .text.SDMMC_GetCmdResp2
                0x000000000800b034       0x90 ./Drivers/STM32F4xx_HAL_Driver/Src/stm32f4xx_ll_sdmmc.o
                0x000000000800b034                SDMMC_GetCmdResp2
 .text.SDMMC_GetCmdResp3
                0x000000000800b0c4       0x7c ./Drivers/STM32F4xx_HAL_Driver/Src/stm32f4xx_ll_sdmmc.o
                0x000000000800b0c4                SDMMC_GetCmdResp3
 .text.SDMMC_GetCmdResp6
                0x000000000800b140       0xec ./Drivers/STM32F4xx_HAL_Driver/Src/stm32f4xx_ll_sdmmc.o
                0x000000000800b140                SDMMC_GetCmdResp6
 .text.SDMMC_GetCmdResp7
                0x000000000800b22c       0x9c ./Drivers/STM32F4xx_HAL_Driver/Src/stm32f4xx_ll_sdmmc.o
                0x000000000800b22c                SDMMC_GetCmdResp7
 .text.SDMMC_GetCmdError
                0x000000000800b2c8       0x58 ./Drivers/STM32F4xx_HAL_Driver/Src/stm32f4xx_ll_sdmmc.o
 .text.MX_FATFS_Init
                0x000000000800b320       0x24 ./FATFS/App/fatfs.o
                0x000000000800b320                MX_FATFS_Init
 .text.get_fattime
                0x000000000800b344       0x10 ./FATFS/App/fatfs.o
                0x000000000800b344                get_fattime
 .text.BSP_SD_Init
                0x000000000800b354       0x4c ./FATFS/Target/bsp_driver_sd.o
                0x000000000800b354                BSP_SD_Init
 .text.BSP_SD_ReadBlocks
                0x000000000800b3a0       0x3c ./FATFS/Target/bsp_driver_sd.o
                0x000000000800b3a0                BSP_SD_ReadBlocks
 .text.BSP_SD_WriteBlocks
                0x000000000800b3dc       0x3c ./FATFS/Target/bsp_driver_sd.o
                0x000000000800b3dc                BSP_SD_WriteBlocks
 .text.BSP_SD_GetCardState
                0x000000000800b418       0x20 ./FATFS/Target/bsp_driver_sd.o
                0x000000000800b418                BSP_SD_GetCardState
 .text.BSP_SD_GetCardInfo
                0x000000000800b438       0x1c ./FATFS/Target/bsp_driver_sd.o
                0x000000000800b438                BSP_SD_GetCardInfo
 .text.BSP_SD_IsDetected
                0x000000000800b454       0x1a ./FATFS/Target/bsp_driver_sd.o
                0x000000000800b454                BSP_SD_IsDetected
 *fill*         0x000000000800b46e        0x2 
 .text.SD_CheckStatus
                0x000000000800b470       0x3c ./FATFS/Target/sd_diskio.o
 .text.SD_initialize
                0x000000000800b4ac       0x3c ./FATFS/Target/sd_diskio.o
                0x000000000800b4ac                SD_initialize
 .text.SD_status
                0x000000000800b4e8       0x1c ./FATFS/Target/sd_diskio.o
                0x000000000800b4e8                SD_status
 .text.SD_read  0x000000000800b504       0x42 ./FATFS/Target/sd_diskio.o
                0x000000000800b504                SD_read
 .text.SD_write
                0x000000000800b546       0x42 ./FATFS/Target/sd_diskio.o
                0x000000000800b546                SD_write
 .text.SD_ioctl
                0x000000000800b588       0xb0 ./FATFS/Target/sd_diskio.o
                0x000000000800b588                SD_ioctl
 .text.disk_status
                0x000000000800b638       0x34 ./Middlewares/Third_Party/FatFs/src/diskio.o
                0x000000000800b638                disk_status
 .text.disk_initialize
                0x000000000800b66c       0x4c ./Middlewares/Third_Party/FatFs/src/diskio.o
                0x000000000800b66c                disk_initialize
 .text.disk_read
                0x000000000800b6b8       0x40 ./Middlewares/Third_Party/FatFs/src/diskio.o
                0x000000000800b6b8                disk_read
 .text.disk_write
                0x000000000800b6f8       0x40 ./Middlewares/Third_Party/FatFs/src/diskio.o
                0x000000000800b6f8                disk_write
 .text.disk_ioctl
                0x000000000800b738       0x3c ./Middlewares/Third_Party/FatFs/src/diskio.o
                0x000000000800b738                disk_ioctl
 .text.ld_word  0x000000000800b774       0x30 ./Middlewares/Third_Party/FatFs/src/ff.o
 .text.ld_dword
                0x000000000800b7a4       0x46 ./Middlewares/Third_Party/FatFs/src/ff.o
 .text.st_word  0x000000000800b7ea       0x36 ./Middlewares/Third_Party/FatFs/src/ff.o
 .text.st_dword
                0x000000000800b820       0x58 ./Middlewares/Third_Party/FatFs/src/ff.o
 .text.mem_cpy  0x000000000800b878       0x42 ./Middlewares/Third_Party/FatFs/src/ff.o
 .text.mem_set  0x000000000800b8ba       0x36 ./Middlewares/Third_Party/FatFs/src/ff.o
 .text.mem_cmp  0x000000000800b8f0       0x4e ./Middlewares/Third_Party/FatFs/src/ff.o
 .text.chk_chr  0x000000000800b93e       0x36 ./Middlewares/Third_Party/FatFs/src/ff.o
 .text.chk_lock
                0x000000000800b974       0xb8 ./Middlewares/Third_Party/FatFs/src/ff.o
 .text.enq_lock
                0x000000000800ba2c       0x44 ./Middlewares/Third_Party/FatFs/src/ff.o
 .text.inc_lock
                0x000000000800ba70      0x11c ./Middlewares/Third_Party/FatFs/src/ff.o
 .text.dec_lock
                0x000000000800bb8c       0x78 ./Middlewares/Third_Party/FatFs/src/ff.o
 .text.clear_lock
                0x000000000800bc04       0x48 ./Middlewares/Third_Party/FatFs/src/ff.o
 .text.sync_window
                0x000000000800bc4c       0x88 ./Middlewares/Third_Party/FatFs/src/ff.o
 .text.move_window
                0x000000000800bcd4       0x5a ./Middlewares/Third_Party/FatFs/src/ff.o
 *fill*         0x000000000800bd2e        0x2 
 .text.sync_fs  0x000000000800bd30       0xdc ./Middlewares/Third_Party/FatFs/src/ff.o
 .text.clust2sect
                0x000000000800be0c       0x3e ./Middlewares/Third_Party/FatFs/src/ff.o
 .text.get_fat  0x000000000800be4a      0x150 ./Middlewares/Third_Party/FatFs/src/ff.o
 .text.put_fat  0x000000000800bf9a      0x1d4 ./Middlewares/Third_Party/FatFs/src/ff.o
 .text.remove_chain
                0x000000000800c16e       0xca ./Middlewares/Third_Party/FatFs/src/ff.o
 .text.create_chain
                0x000000000800c238      0x130 ./Middlewares/Third_Party/FatFs/src/ff.o
 .text.clmt_clust
                0x000000000800c368       0x68 ./Middlewares/Third_Party/FatFs/src/ff.o
 .text.dir_sdi  0x000000000800c3d0       0xf6 ./Middlewares/Third_Party/FatFs/src/ff.o
 .text.dir_next
                0x000000000800c4c6      0x18a ./Middlewares/Third_Party/FatFs/src/ff.o
 .text.dir_alloc
                0x000000000800c650       0x8e ./Middlewares/Third_Party/FatFs/src/ff.o
 .text.ld_clust
                0x000000000800c6de       0x3e ./Middlewares/Third_Party/FatFs/src/ff.o
 .text.st_clust
                0x000000000800c71c       0x40 ./Middlewares/Third_Party/FatFs/src/ff.o
 .text.dir_read
                0x000000000800c75c       0xba ./Middlewares/Third_Party/FatFs/src/ff.o
 .text.dir_find
                0x000000000800c816       0xaa ./Middlewares/Third_Party/FatFs/src/ff.o
 .text.dir_register
                0x000000000800c8c0       0x64 ./Middlewares/Third_Party/FatFs/src/ff.o
 .text.get_fileinfo
                0x000000000800c924       0xbe ./Middlewares/Third_Party/FatFs/src/ff.o
 *fill*         0x000000000800c9e2        0x2 
 .text.create_name
                0x000000000800c9e4      0x128 ./Middlewares/Third_Party/FatFs/src/ff.o
 .text.follow_path
                0x000000000800cb0c       0xe2 ./Middlewares/Third_Party/FatFs/src/ff.o
 .text.get_ldnumber
                0x000000000800cbee       0x88 ./Middlewares/Third_Party/FatFs/src/ff.o
 *fill*         0x000000000800cc76        0x2 
 .text.check_fs
                0x000000000800cc78       0xac ./Middlewares/Third_Party/FatFs/src/ff.o
 .text.find_volume
                0x000000000800cd24      0x498 ./Middlewares/Third_Party/FatFs/src/ff.o
 .text.validate
                0x000000000800d1bc       0x6a ./Middlewares/Third_Party/FatFs/src/ff.o
 *fill*         0x000000000800d226        0x2 
 .text.f_mount  0x000000000800d228       0x8c ./Middlewares/Third_Party/FatFs/src/ff.o
                0x000000000800d228                f_mount
 .text.f_open   0x000000000800d2b4      0x37c ./Middlewares/Third_Party/FatFs/src/ff.o
                0x000000000800d2b4                f_open
 .text.f_read   0x000000000800d630      0x27e ./Middlewares/Third_Party/FatFs/src/ff.o
                0x000000000800d630                f_read
 .text.f_write  0x000000000800d8ae      0x2ea ./Middlewares/Third_Party/FatFs/src/ff.o
                0x000000000800d8ae                f_write
 .text.f_sync   0x000000000800db98       0xfc ./Middlewares/Third_Party/FatFs/src/ff.o
                0x000000000800db98                f_sync
 .text.f_close  0x000000000800dc94       0x54 ./Middlewares/Third_Party/FatFs/src/ff.o
                0x000000000800dc94                f_close
 .text.f_opendir
                0x000000000800dce8       0xe6 ./Middlewares/Third_Party/FatFs/src/ff.o
                0x000000000800dce8                f_opendir
 .text.f_closedir
                0x000000000800ddce       0x4c ./Middlewares/Third_Party/FatFs/src/ff.o
                0x000000000800ddce                f_closedir
 .text.f_readdir
                0x000000000800de1a       0x7a ./Middlewares/Third_Party/FatFs/src/ff.o
                0x000000000800de1a                f_readdir
 .text.f_gets   0x000000000800de94       0x7a ./Middlewares/Third_Party/FatFs/src/ff.o
                0x000000000800de94                f_gets
 *fill*         0x000000000800df0e        0x2 
 .text.FATFS_LinkDriverEx
                0x000000000800df10       0x98 ./Middlewares/Third_Party/FatFs/src/ff_gen_drv.o
                0x000000000800df10                FATFS_LinkDriverEx
 .text.FATFS_LinkDriver
                0x000000000800dfa8       0x1e ./Middlewares/Third_Party/FatFs/src/ff_gen_drv.o
                0x000000000800dfa8                FATFS_LinkDriver
 .text.__cvt    0x000000000800dfc6       0xc4 C:/ST/STM32CubeIDE_1.12.1/STM32CubeIDE/plugins/com.st.stm32cube.ide.mcu.externaltools.gnu-tools-for-stm32.11.3.rel1.win32_1.1.0.202305231506/tools/bin/../lib/gcc/arm-none-eabi/11.3.1/../../../../arm-none-eabi/lib/thumb/v7e-m+fp/hard\libc_nano.a(libc_a-nano-vfprintf_float.o)
                0x000000000800dfc6                __cvt
 .text.__exponent
                0x000000000800e08a       0x7c C:/ST/STM32CubeIDE_1.12.1/STM32CubeIDE/plugins/com.st.stm32cube.ide.mcu.externaltools.gnu-tools-for-stm32.11.3.rel1.win32_1.1.0.202305231506/tools/bin/../lib/gcc/arm-none-eabi/11.3.1/../../../../arm-none-eabi/lib/thumb/v7e-m+fp/hard\libc_nano.a(libc_a-nano-vfprintf_float.o)
                0x000000000800e08a                __exponent
 *fill*         0x000000000800e106        0x2 
 .text._printf_float
                0x000000000800e108      0x46c C:/ST/STM32CubeIDE_1.12.1/STM32CubeIDE/plugins/com.st.stm32cube.ide.mcu.externaltools.gnu-tools-for-stm32.11.3.rel1.win32_1.1.0.202305231506/tools/bin/../lib/gcc/arm-none-eabi/11.3.1/../../../../arm-none-eabi/lib/thumb/v7e-m+fp/hard\libc_nano.a(libc_a-nano-vfprintf_float.o)
                0x000000000800e108                _printf_float
 .text._printf_common
                0x000000000800e574       0xda C:/ST/STM32CubeIDE_1.12.1/STM32CubeIDE/plugins/com.st.stm32cube.ide.mcu.externaltools.gnu-tools-for-stm32.11.3.rel1.win32_1.1.0.202305231506/tools/bin/../lib/gcc/arm-none-eabi/11.3.1/../../../../arm-none-eabi/lib/thumb/v7e-m+fp/hard\libc_nano.a(libc_a-nano-vfprintf_i.o)
                0x000000000800e574                _printf_common
 *fill*         0x000000000800e64e        0x2 
 .text._printf_i
                0x000000000800e650      0x244 C:/ST/STM32CubeIDE_1.12.1/STM32CubeIDE/plugins/com.st.stm32cube.ide.mcu.externaltools.gnu-tools-for-stm32.11.3.rel1.win32_1.1.0.202305231506/tools/bin/../lib/gcc/arm-none-eabi/11.3.1/../../../../arm-none-eabi/lib/thumb/v7e-m+fp/hard\libc_nano.a(libc_a-nano-vfprintf_i.o)
                0x000000000800e650                _printf_i
 .text.std      0x000000000800e894       0x48 C:/ST/STM32CubeIDE_1.12.1/STM32CubeIDE/plugins/com.st.stm32cube.ide.mcu.externaltools.gnu-tools-for-stm32.11.3.rel1.win32_1.1.0.202305231506/tools/bin/../lib/gcc/arm-none-eabi/11.3.1/../../../../arm-none-eabi/lib/thumb/v7e-m+fp/hard\libc_nano.a(libc_a-findfp.o)
 .text.stdio_exit_handler
                0x000000000800e8dc       0x18 C:/ST/STM32CubeIDE_1.12.1/STM32CubeIDE/plugins/com.st.stm32cube.ide.mcu.externaltools.gnu-tools-for-stm32.11.3.rel1.win32_1.1.0.202305231506/tools/bin/../lib/gcc/arm-none-eabi/11.3.1/../../../../arm-none-eabi/lib/thumb/v7e-m+fp/hard\libc_nano.a(libc_a-findfp.o)
 .text.cleanup_stdio
                0x000000000800e8f4       0x40 C:/ST/STM32CubeIDE_1.12.1/STM32CubeIDE/plugins/com.st.stm32cube.ide.mcu.externaltools.gnu-tools-for-stm32.11.3.rel1.win32_1.1.0.202305231506/tools/bin/../lib/gcc/arm-none-eabi/11.3.1/../../../../arm-none-eabi/lib/thumb/v7e-m+fp/hard\libc_nano.a(libc_a-findfp.o)
 .text.global_stdio_init.part.0
                0x000000000800e934       0x3c C:/ST/STM32CubeIDE_1.12.1/STM32CubeIDE/plugins/com.st.stm32cube.ide.mcu.externaltools.gnu-tools-for-stm32.11.3.rel1.win32_1.1.0.202305231506/tools/bin/../lib/gcc/arm-none-eabi/11.3.1/../../../../arm-none-eabi/lib/thumb/v7e-m+fp/hard\libc_nano.a(libc_a-findfp.o)
 .text.__sfp_lock_acquire
                0x000000000800e970        0xc C:/ST/STM32CubeIDE_1.12.1/STM32CubeIDE/plugins/com.st.stm32cube.ide.mcu.externaltools.gnu-tools-for-stm32.11.3.rel1.win32_1.1.0.202305231506/tools/bin/../lib/gcc/arm-none-eabi/11.3.1/../../../../arm-none-eabi/lib/thumb/v7e-m+fp/hard\libc_nano.a(libc_a-findfp.o)
                0x000000000800e970                __sfp_lock_acquire
 .text.__sfp_lock_release
                0x000000000800e97c        0xc C:/ST/STM32CubeIDE_1.12.1/STM32CubeIDE/plugins/com.st.stm32cube.ide.mcu.externaltools.gnu-tools-for-stm32.11.3.rel1.win32_1.1.0.202305231506/tools/bin/../lib/gcc/arm-none-eabi/11.3.1/../../../../arm-none-eabi/lib/thumb/v7e-m+fp/hard\libc_nano.a(libc_a-findfp.o)
                0x000000000800e97c                __sfp_lock_release
 .text.__sinit  0x000000000800e988       0x30 C:/ST/STM32CubeIDE_1.12.1/STM32CubeIDE/plugins/com.st.stm32cube.ide.mcu.externaltools.gnu-tools-for-stm32.11.3.rel1.win32_1.1.0.202305231506/tools/bin/../lib/gcc/arm-none-eabi/11.3.1/../../../../arm-none-eabi/lib/thumb/v7e-m+fp/hard\libc_nano.a(libc_a-findfp.o)
                0x000000000800e988                __sinit
 .text._fwalk_sglue
                0x000000000800e9b8       0x3c C:/ST/STM32CubeIDE_1.12.1/STM32CubeIDE/plugins/com.st.stm32cube.ide.mcu.externaltools.gnu-tools-for-stm32.11.3.rel1.win32_1.1.0.202305231506/tools/bin/../lib/gcc/arm-none-eabi/11.3.1/../../../../arm-none-eabi/lib/thumb/v7e-m+fp/hard\libc_nano.a(libc_a-fwalk.o)
                0x000000000800e9b8                _fwalk_sglue
 .text._puts_r  0x000000000800e9f4       0xa8 C:/ST/STM32CubeIDE_1.12.1/STM32CubeIDE/plugins/com.st.stm32cube.ide.mcu.externaltools.gnu-tools-for-stm32.11.3.rel1.win32_1.1.0.202305231506/tools/bin/../lib/gcc/arm-none-eabi/11.3.1/../../../../arm-none-eabi/lib/thumb/v7e-m+fp/hard\libc_nano.a(libc_a-puts.o)
                0x000000000800e9f4                _puts_r
 .text.puts     0x000000000800ea9c       0x10 C:/ST/STM32CubeIDE_1.12.1/STM32CubeIDE/plugins/com.st.stm32cube.ide.mcu.externaltools.gnu-tools-for-stm32.11.3.rel1.win32_1.1.0.202305231506/tools/bin/../lib/gcc/arm-none-eabi/11.3.1/../../../../arm-none-eabi/lib/thumb/v7e-m+fp/hard\libc_nano.a(libc_a-puts.o)
                0x000000000800ea9c                puts
 .text.snprintf
                0x000000000800eaac       0x68 C:/ST/STM32CubeIDE_1.12.1/STM32CubeIDE/plugins/com.st.stm32cube.ide.mcu.externaltools.gnu-tools-for-stm32.11.3.rel1.win32_1.1.0.202305231506/tools/bin/../lib/gcc/arm-none-eabi/11.3.1/../../../../arm-none-eabi/lib/thumb/v7e-m+fp/hard\libc_nano.a(libc_a-snprintf.o)
                0x000000000800eaac                sniprintf
                0x000000000800eaac                snprintf
 .text.sprintf  0x000000000800eb14       0x40 C:/ST/STM32CubeIDE_1.12.1/STM32CubeIDE/plugins/com.st.stm32cube.ide.mcu.externaltools.gnu-tools-for-stm32.11.3.rel1.win32_1.1.0.202305231506/tools/bin/../lib/gcc/arm-none-eabi/11.3.1/../../../../arm-none-eabi/lib/thumb/v7e-m+fp/hard\libc_nano.a(libc_a-sprintf.o)
                0x000000000800eb14                siprintf
                0x000000000800eb14                sprintf
 .text.__sread  0x000000000800eb54       0x22 C:/ST/STM32CubeIDE_1.12.1/STM32CubeIDE/plugins/com.st.stm32cube.ide.mcu.externaltools.gnu-tools-for-stm32.11.3.rel1.win32_1.1.0.202305231506/tools/bin/../lib/gcc/arm-none-eabi/11.3.1/../../../../arm-none-eabi/lib/thumb/v7e-m+fp/hard\libc_nano.a(libc_a-stdio.o)
                0x000000000800eb54                __sread
 .text.__swrite
                0x000000000800eb76       0x38 C:/ST/STM32CubeIDE_1.12.1/STM32CubeIDE/plugins/com.st.stm32cube.ide.mcu.externaltools.gnu-tools-for-stm32.11.3.rel1.win32_1.1.0.202305231506/tools/bin/../lib/gcc/arm-none-eabi/11.3.1/../../../../arm-none-eabi/lib/thumb/v7e-m+fp/hard\libc_nano.a(libc_a-stdio.o)
                0x000000000800eb76                __swrite
 .text.__sseek  0x000000000800ebae       0x24 C:/ST/STM32CubeIDE_1.12.1/STM32CubeIDE/plugins/com.st.stm32cube.ide.mcu.externaltools.gnu-tools-for-stm32.11.3.rel1.win32_1.1.0.202305231506/tools/bin/../lib/gcc/arm-none-eabi/11.3.1/../../../../arm-none-eabi/lib/thumb/v7e-m+fp/hard\libc_nano.a(libc_a-stdio.o)
                0x000000000800ebae                __sseek
 .text.__sclose
                0x000000000800ebd2        0x8 C:/ST/STM32CubeIDE_1.12.1/STM32CubeIDE/plugins/com.st.stm32cube.ide.mcu.externaltools.gnu-tools-for-stm32.11.3.rel1.win32_1.1.0.202305231506/tools/bin/../lib/gcc/arm-none-eabi/11.3.1/../../../../arm-none-eabi/lib/thumb/v7e-m+fp/hard\libc_nano.a(libc_a-stdio.o)
                0x000000000800ebd2                __sclose
 .text.__swbuf_r
                0x000000000800ebda       0x7a C:/ST/STM32CubeIDE_1.12.1/STM32CubeIDE/plugins/com.st.stm32cube.ide.mcu.externaltools.gnu-tools-for-stm32.11.3.rel1.win32_1.1.0.202305231506/tools/bin/../lib/gcc/arm-none-eabi/11.3.1/../../../../arm-none-eabi/lib/thumb/v7e-m+fp/hard\libc_nano.a(libc_a-wbuf.o)
                0x000000000800ebda                __swbuf_r
 .text.__swsetup_r
                0x000000000800ec54       0xb0 C:/ST/STM32CubeIDE_1.12.1/STM32CubeIDE/plugins/com.st.stm32cube.ide.mcu.externaltools.gnu-tools-for-stm32.11.3.rel1.win32_1.1.0.202305231506/tools/bin/../lib/gcc/arm-none-eabi/11.3.1/../../../../arm-none-eabi/lib/thumb/v7e-m+fp/hard\libc_nano.a(libc_a-wsetup.o)
                0x000000000800ec54                __swsetup_r
 .text.memset   0x000000000800ed04       0x10 C:/ST/STM32CubeIDE_1.12.1/STM32CubeIDE/plugins/com.st.stm32cube.ide.mcu.externaltools.gnu-tools-for-stm32.11.3.rel1.win32_1.1.0.202305231506/tools/bin/../lib/gcc/arm-none-eabi/11.3.1/../../../../arm-none-eabi/lib/thumb/v7e-m+fp/hard\libc_nano.a(libc_a-memset.o)
                0x000000000800ed04                memset
 .text.strncpy  0x000000000800ed14       0x26 C:/ST/STM32CubeIDE_1.12.1/STM32CubeIDE/plugins/com.st.stm32cube.ide.mcu.externaltools.gnu-tools-for-stm32.11.3.rel1.win32_1.1.0.202305231506/tools/bin/../lib/gcc/arm-none-eabi/11.3.1/../../../../arm-none-eabi/lib/thumb/v7e-m+fp/hard\libc_nano.a(libc_a-strncpy.o)
                0x000000000800ed14                strncpy
 *fill*         0x000000000800ed3a        0x2 
 .text._localeconv_r
                0x000000000800ed3c        0x8 C:/ST/STM32CubeIDE_1.12.1/STM32CubeIDE/plugins/com.st.stm32cube.ide.mcu.externaltools.gnu-tools-for-stm32.11.3.rel1.win32_1.1.0.202305231506/tools/bin/../lib/gcc/arm-none-eabi/11.3.1/../../../../arm-none-eabi/lib/thumb/v7e-m+fp/hard\libc_nano.a(libc_a-localeconv.o)
                0x000000000800ed3c                _localeconv_r
 .text._close_r
                0x000000000800ed44       0x20 C:/ST/STM32CubeIDE_1.12.1/STM32CubeIDE/plugins/com.st.stm32cube.ide.mcu.externaltools.gnu-tools-for-stm32.11.3.rel1.win32_1.1.0.202305231506/tools/bin/../lib/gcc/arm-none-eabi/11.3.1/../../../../arm-none-eabi/lib/thumb/v7e-m+fp/hard\libc_nano.a(libc_a-closer.o)
                0x000000000800ed44                _close_r
 .text._lseek_r
                0x000000000800ed64       0x24 C:/ST/STM32CubeIDE_1.12.1/STM32CubeIDE/plugins/com.st.stm32cube.ide.mcu.externaltools.gnu-tools-for-stm32.11.3.rel1.win32_1.1.0.202305231506/tools/bin/../lib/gcc/arm-none-eabi/11.3.1/../../../../arm-none-eabi/lib/thumb/v7e-m+fp/hard\libc_nano.a(libc_a-lseekr.o)
                0x000000000800ed64                _lseek_r
 .text._read_r  0x000000000800ed88       0x24 C:/ST/STM32CubeIDE_1.12.1/STM32CubeIDE/plugins/com.st.stm32cube.ide.mcu.externaltools.gnu-tools-for-stm32.11.3.rel1.win32_1.1.0.202305231506/tools/bin/../lib/gcc/arm-none-eabi/11.3.1/../../../../arm-none-eabi/lib/thumb/v7e-m+fp/hard\libc_nano.a(libc_a-readr.o)
                0x000000000800ed88                _read_r
 .text._write_r
                0x000000000800edac       0x24 C:/ST/STM32CubeIDE_1.12.1/STM32CubeIDE/plugins/com.st.stm32cube.ide.mcu.externaltools.gnu-tools-for-stm32.11.3.rel1.win32_1.1.0.202305231506/tools/bin/../lib/gcc/arm-none-eabi/11.3.1/../../../../arm-none-eabi/lib/thumb/v7e-m+fp/hard\libc_nano.a(libc_a-writer.o)
                0x000000000800edac                _write_r
 .text.__errno  0x000000000800edd0        0xc C:/ST/STM32CubeIDE_1.12.1/STM32CubeIDE/plugins/com.st.stm32cube.ide.mcu.externaltools.gnu-tools-for-stm32.11.3.rel1.win32_1.1.0.202305231506/tools/bin/../lib/gcc/arm-none-eabi/11.3.1/../../../../arm-none-eabi/lib/thumb/v7e-m+fp/hard\libc_nano.a(libc_a-errno.o)
                0x000000000800edd0                __errno
 .text.__libc_init_array
                0x000000000800eddc       0x48 C:/ST/STM32CubeIDE_1.12.1/STM32CubeIDE/plugins/com.st.stm32cube.ide.mcu.externaltools.gnu-tools-for-stm32.11.3.rel1.win32_1.1.0.202305231506/tools/bin/../lib/gcc/arm-none-eabi/11.3.1/../../../../arm-none-eabi/lib/thumb/v7e-m+fp/hard\libc_nano.a(libc_a-init.o)
                0x000000000800eddc                __libc_init_array
 .text.__retarget_lock_acquire_recursive
                0x000000000800ee24        0x2 C:/ST/STM32CubeIDE_1.12.1/STM32CubeIDE/plugins/com.st.stm32cube.ide.mcu.externaltools.gnu-tools-for-stm32.11.3.rel1.win32_1.1.0.202305231506/tools/bin/../lib/gcc/arm-none-eabi/11.3.1/../../../../arm-none-eabi/lib/thumb/v7e-m+fp/hard\libc_nano.a(libc_a-lock.o)
                0x000000000800ee24                __retarget_lock_acquire_recursive
 .text.__retarget_lock_release_recursive
                0x000000000800ee26        0x2 C:/ST/STM32CubeIDE_1.12.1/STM32CubeIDE/plugins/com.st.stm32cube.ide.mcu.externaltools.gnu-tools-for-stm32.11.3.rel1.win32_1.1.0.202305231506/tools/bin/../lib/gcc/arm-none-eabi/11.3.1/../../../../arm-none-eabi/lib/thumb/v7e-m+fp/hard\libc_nano.a(libc_a-lock.o)
                0x000000000800ee26                __retarget_lock_release_recursive
 .text.quorem   0x000000000800ee28      0x110 C:/ST/STM32CubeIDE_1.12.1/STM32CubeIDE/plugins/com.st.stm32cube.ide.mcu.externaltools.gnu-tools-for-stm32.11.3.rel1.win32_1.1.0.202305231506/tools/bin/../lib/gcc/arm-none-eabi/11.3.1/../../../../arm-none-eabi/lib/thumb/v7e-m+fp/hard\libc_nano.a(libc_a-dtoa.o)
 .text._dtoa_r  0x000000000800ef38      0xbe4 C:/ST/STM32CubeIDE_1.12.1/STM32CubeIDE/plugins/com.st.stm32cube.ide.mcu.externaltools.gnu-tools-for-stm32.11.3.rel1.win32_1.1.0.202305231506/tools/bin/../lib/gcc/arm-none-eabi/11.3.1/../../../../arm-none-eabi/lib/thumb/v7e-m+fp/hard\libc_nano.a(libc_a-dtoa.o)
                0x000000000800ef38                _dtoa_r
 .text._free_r  0x000000000800fb1c       0x98 C:/ST/STM32CubeIDE_1.12.1/STM32CubeIDE/plugins/com.st.stm32cube.ide.mcu.externaltools.gnu-tools-for-stm32.11.3.rel1.win32_1.1.0.202305231506/tools/bin/../lib/gcc/arm-none-eabi/11.3.1/../../../../arm-none-eabi/lib/thumb/v7e-m+fp/hard\libc_nano.a(libc_a-freer.o)
                0x000000000800fb1c                _free_r
 .text.malloc   0x000000000800fbb4       0x10 C:/ST/STM32CubeIDE_1.12.1/STM32CubeIDE/plugins/com.st.stm32cube.ide.mcu.externaltools.gnu-tools-for-stm32.11.3.rel1.win32_1.1.0.202305231506/tools/bin/../lib/gcc/arm-none-eabi/11.3.1/../../../../arm-none-eabi/lib/thumb/v7e-m+fp/hard\libc_nano.a(libc_a-malloc.o)
                0x000000000800fbb4                malloc
 .text.sbrk_aligned
                0x000000000800fbc4       0x40 C:/ST/STM32CubeIDE_1.12.1/STM32CubeIDE/plugins/com.st.stm32cube.ide.mcu.externaltools.gnu-tools-for-stm32.11.3.rel1.win32_1.1.0.202305231506/tools/bin/../lib/gcc/arm-none-eabi/11.3.1/../../../../arm-none-eabi/lib/thumb/v7e-m+fp/hard\libc_nano.a(libc_a-mallocr.o)
 .text._malloc_r
                0x000000000800fc04      0x100 C:/ST/STM32CubeIDE_1.12.1/STM32CubeIDE/plugins/com.st.stm32cube.ide.mcu.externaltools.gnu-tools-for-stm32.11.3.rel1.win32_1.1.0.202305231506/tools/bin/../lib/gcc/arm-none-eabi/11.3.1/../../../../arm-none-eabi/lib/thumb/v7e-m+fp/hard\libc_nano.a(libc_a-mallocr.o)
                0x000000000800fc04                _malloc_r
 .text.__malloc_lock
                0x000000000800fd04        0xc C:/ST/STM32CubeIDE_1.12.1/STM32CubeIDE/plugins/com.st.stm32cube.ide.mcu.externaltools.gnu-tools-for-stm32.11.3.rel1.win32_1.1.0.202305231506/tools/bin/../lib/gcc/arm-none-eabi/11.3.1/../../../../arm-none-eabi/lib/thumb/v7e-m+fp/hard\libc_nano.a(libc_a-mlock.o)
                0x000000000800fd04                __malloc_lock
 .text.__malloc_unlock
                0x000000000800fd10        0xc C:/ST/STM32CubeIDE_1.12.1/STM32CubeIDE/plugins/com.st.stm32cube.ide.mcu.externaltools.gnu-tools-for-stm32.11.3.rel1.win32_1.1.0.202305231506/tools/bin/../lib/gcc/arm-none-eabi/11.3.1/../../../../arm-none-eabi/lib/thumb/v7e-m+fp/hard\libc_nano.a(libc_a-mlock.o)
                0x000000000800fd10                __malloc_unlock
 .text._Balloc  0x000000000800fd1c       0x80 C:/ST/STM32CubeIDE_1.12.1/STM32CubeIDE/plugins/com.st.stm32cube.ide.mcu.externaltools.gnu-tools-for-stm32.11.3.rel1.win32_1.1.0.202305231506/tools/bin/../lib/gcc/arm-none-eabi/11.3.1/../../../../arm-none-eabi/lib/thumb/v7e-m+fp/hard\libc_nano.a(libc_a-mprec.o)
                0x000000000800fd1c                _Balloc
 .text._Bfree   0x000000000800fd9c       0x44 C:/ST/STM32CubeIDE_1.12.1/STM32CubeIDE/plugins/com.st.stm32cube.ide.mcu.externaltools.gnu-tools-for-stm32.11.3.rel1.win32_1.1.0.202305231506/tools/bin/../lib/gcc/arm-none-eabi/11.3.1/../../../../arm-none-eabi/lib/thumb/v7e-m+fp/hard\libc_nano.a(libc_a-mprec.o)
                0x000000000800fd9c                _Bfree
 .text.__multadd
                0x000000000800fde0       0x8c C:/ST/STM32CubeIDE_1.12.1/STM32CubeIDE/plugins/com.st.stm32cube.ide.mcu.externaltools.gnu-tools-for-stm32.11.3.rel1.win32_1.1.0.202305231506/tools/bin/../lib/gcc/arm-none-eabi/11.3.1/../../../../arm-none-eabi/lib/thumb/v7e-m+fp/hard\libc_nano.a(libc_a-mprec.o)
                0x000000000800fde0                __multadd
 .text.__hi0bits
                0x000000000800fe6c       0x40 C:/ST/STM32CubeIDE_1.12.1/STM32CubeIDE/plugins/com.st.stm32cube.ide.mcu.externaltools.gnu-tools-for-stm32.11.3.rel1.win32_1.1.0.202305231506/tools/bin/../lib/gcc/arm-none-eabi/11.3.1/../../../../arm-none-eabi/lib/thumb/v7e-m+fp/hard\libc_nano.a(libc_a-mprec.o)
                0x000000000800fe6c                __hi0bits
 .text.__lo0bits
                0x000000000800feac       0x5a C:/ST/STM32CubeIDE_1.12.1/STM32CubeIDE/plugins/com.st.stm32cube.ide.mcu.externaltools.gnu-tools-for-stm32.11.3.rel1.win32_1.1.0.202305231506/tools/bin/../lib/gcc/arm-none-eabi/11.3.1/../../../../arm-none-eabi/lib/thumb/v7e-m+fp/hard\libc_nano.a(libc_a-mprec.o)
                0x000000000800feac                __lo0bits
 *fill*         0x000000000800ff06        0x2 
 .text.__i2b    0x000000000800ff08       0x2c C:/ST/STM32CubeIDE_1.12.1/STM32CubeIDE/plugins/com.st.stm32cube.ide.mcu.externaltools.gnu-tools-for-stm32.11.3.rel1.win32_1.1.0.202305231506/tools/bin/../lib/gcc/arm-none-eabi/11.3.1/../../../../arm-none-eabi/lib/thumb/v7e-m+fp/hard\libc_nano.a(libc_a-mprec.o)
                0x000000000800ff08                __i2b
 .text.__multiply
                0x000000000800ff34      0x154 C:/ST/STM32CubeIDE_1.12.1/STM32CubeIDE/plugins/com.st.stm32cube.ide.mcu.externaltools.gnu-tools-for-stm32.11.3.rel1.win32_1.1.0.202305231506/tools/bin/../lib/gcc/arm-none-eabi/11.3.1/../../../../arm-none-eabi/lib/thumb/v7e-m+fp/hard\libc_nano.a(libc_a-mprec.o)
                0x000000000800ff34                __multiply
 .text.__pow5mult
                0x0000000008010088       0xb4 C:/ST/STM32CubeIDE_1.12.1/STM32CubeIDE/plugins/com.st.stm32cube.ide.mcu.externaltools.gnu-tools-for-stm32.11.3.rel1.win32_1.1.0.202305231506/tools/bin/../lib/gcc/arm-none-eabi/11.3.1/../../../../arm-none-eabi/lib/thumb/v7e-m+fp/hard\libc_nano.a(libc_a-mprec.o)
                0x0000000008010088                __pow5mult
 .text.__lshift
                0x000000000801013c       0xd8 C:/ST/STM32CubeIDE_1.12.1/STM32CubeIDE/plugins/com.st.stm32cube.ide.mcu.externaltools.gnu-tools-for-stm32.11.3.rel1.win32_1.1.0.202305231506/tools/bin/../lib/gcc/arm-none-eabi/11.3.1/../../../../arm-none-eabi/lib/thumb/v7e-m+fp/hard\libc_nano.a(libc_a-mprec.o)
                0x000000000801013c                __lshift
 .text.__mcmp   0x0000000008010214       0x38 C:/ST/STM32CubeIDE_1.12.1/STM32CubeIDE/plugins/com.st.stm32cube.ide.mcu.externaltools.gnu-tools-for-stm32.11.3.rel1.win32_1.1.0.202305231506/tools/bin/../lib/gcc/arm-none-eabi/11.3.1/../../../../arm-none-eabi/lib/thumb/v7e-m+fp/hard\libc_nano.a(libc_a-mprec.o)
                0x0000000008010214                __mcmp
 .text.__mdiff  0x000000000801024c      0x114 C:/ST/STM32CubeIDE_1.12.1/STM32CubeIDE/plugins/com.st.stm32cube.ide.mcu.externaltools.gnu-tools-for-stm32.11.3.rel1.win32_1.1.0.202305231506/tools/bin/../lib/gcc/arm-none-eabi/11.3.1/../../../../arm-none-eabi/lib/thumb/v7e-m+fp/hard\libc_nano.a(libc_a-mprec.o)
                0x000000000801024c                __mdiff
 .text.__d2b    0x0000000008010360       0xb4 C:/ST/STM32CubeIDE_1.12.1/STM32CubeIDE/plugins/com.st.stm32cube.ide.mcu.externaltools.gnu-tools-for-stm32.11.3.rel1.win32_1.1.0.202305231506/tools/bin/../lib/gcc/arm-none-eabi/11.3.1/../../../../arm-none-eabi/lib/thumb/v7e-m+fp/hard\libc_nano.a(libc_a-mprec.o)
                0x0000000008010360                __d2b
 .text.__ssputs_r
                0x0000000008010414       0xb4 C:/ST/STM32CubeIDE_1.12.1/STM32CubeIDE/plugins/com.st.stm32cube.ide.mcu.externaltools.gnu-tools-for-stm32.11.3.rel1.win32_1.1.0.202305231506/tools/bin/../lib/gcc/arm-none-eabi/11.3.1/../../../../arm-none-eabi/lib/thumb/v7e-m+fp/hard\libc_nano.a(libc_a-nano-svfprintf.o)
                0x0000000008010414                __ssputs_r
 .text._svfprintf_r
                0x00000000080104c8      0x1fc C:/ST/STM32CubeIDE_1.12.1/STM32CubeIDE/plugins/com.st.stm32cube.ide.mcu.externaltools.gnu-tools-for-stm32.11.3.rel1.win32_1.1.0.202305231506/tools/bin/../lib/gcc/arm-none-eabi/11.3.1/../../../../arm-none-eabi/lib/thumb/v7e-m+fp/hard\libc_nano.a(libc_a-nano-svfprintf.o)
                0x00000000080104c8                _svfiprintf_r
                0x00000000080104c8                _svfprintf_r
 .text.__sflush_r
                0x00000000080106c4      0x10c C:/ST/STM32CubeIDE_1.12.1/STM32CubeIDE/plugins/com.st.stm32cube.ide.mcu.externaltools.gnu-tools-for-stm32.11.3.rel1.win32_1.1.0.202305231506/tools/bin/../lib/gcc/arm-none-eabi/11.3.1/../../../../arm-none-eabi/lib/thumb/v7e-m+fp/hard\libc_nano.a(libc_a-fflush.o)
                0x00000000080106c4                __sflush_r
 .text._fflush_r
                0x00000000080107d0       0x50 C:/ST/STM32CubeIDE_1.12.1/STM32CubeIDE/plugins/com.st.stm32cube.ide.mcu.externaltools.gnu-tools-for-stm32.11.3.rel1.win32_1.1.0.202305231506/tools/bin/../lib/gcc/arm-none-eabi/11.3.1/../../../../arm-none-eabi/lib/thumb/v7e-m+fp/hard\libc_nano.a(libc_a-fflush.o)
                0x00000000080107d0                _fflush_r
 .text.__swhatbuf_r
                0x0000000008010820       0x4c C:/ST/STM32CubeIDE_1.12.1/STM32CubeIDE/plugins/com.st.stm32cube.ide.mcu.externaltools.gnu-tools-for-stm32.11.3.rel1.win32_1.1.0.202305231506/tools/bin/../lib/gcc/arm-none-eabi/11.3.1/../../../../arm-none-eabi/lib/thumb/v7e-m+fp/hard\libc_nano.a(libc_a-makebuf.o)
                0x0000000008010820                __swhatbuf_r
 .text.__smakebuf_r
                0x000000000801086c       0x78 C:/ST/STM32CubeIDE_1.12.1/STM32CubeIDE/plugins/com.st.stm32cube.ide.mcu.externaltools.gnu-tools-for-stm32.11.3.rel1.win32_1.1.0.202305231506/tools/bin/../lib/gcc/arm-none-eabi/11.3.1/../../../../arm-none-eabi/lib/thumb/v7e-m+fp/hard\libc_nano.a(libc_a-makebuf.o)
                0x000000000801086c                __smakebuf_r
 .text.memmove  0x00000000080108e4       0x34 C:/ST/STM32CubeIDE_1.12.1/STM32CubeIDE/plugins/com.st.stm32cube.ide.mcu.externaltools.gnu-tools-for-stm32.11.3.rel1.win32_1.1.0.202305231506/tools/bin/../lib/gcc/arm-none-eabi/11.3.1/../../../../arm-none-eabi/lib/thumb/v7e-m+fp/hard\libc_nano.a(libc_a-memmove.o)
                0x00000000080108e4                memmove
 .text._fstat_r
                0x0000000008010918       0x24 C:/ST/STM32CubeIDE_1.12.1/STM32CubeIDE/plugins/com.st.stm32cube.ide.mcu.externaltools.gnu-tools-for-stm32.11.3.rel1.win32_1.1.0.202305231506/tools/bin/../lib/gcc/arm-none-eabi/11.3.1/../../../../arm-none-eabi/lib/thumb/v7e-m+fp/hard\libc_nano.a(libc_a-fstatr.o)
                0x0000000008010918                _fstat_r
 .text._isatty_r
                0x000000000801093c       0x20 C:/ST/STM32CubeIDE_1.12.1/STM32CubeIDE/plugins/com.st.stm32cube.ide.mcu.externaltools.gnu-tools-for-stm32.11.3.rel1.win32_1.1.0.202305231506/tools/bin/../lib/gcc/arm-none-eabi/11.3.1/../../../../arm-none-eabi/lib/thumb/v7e-m+fp/hard\libc_nano.a(libc_a-isattyr.o)
                0x000000000801093c                _isatty_r
 .text._sbrk_r  0x000000000801095c       0x20 C:/ST/STM32CubeIDE_1.12.1/STM32CubeIDE/plugins/com.st.stm32cube.ide.mcu.externaltools.gnu-tools-for-stm32.11.3.rel1.win32_1.1.0.202305231506/tools/bin/../lib/gcc/arm-none-eabi/11.3.1/../../../../arm-none-eabi/lib/thumb/v7e-m+fp/hard\libc_nano.a(libc_a-sbrkr.o)
                0x000000000801095c                _sbrk_r
 .text.memcpy   0x000000000801097c       0x1c C:/ST/STM32CubeIDE_1.12.1/STM32CubeIDE/plugins/com.st.stm32cube.ide.mcu.externaltools.gnu-tools-for-stm32.11.3.rel1.win32_1.1.0.202305231506/tools/bin/../lib/gcc/arm-none-eabi/11.3.1/../../../../arm-none-eabi/lib/thumb/v7e-m+fp/hard\libc_nano.a(libc_a-memcpy-stub.o)
                0x000000000801097c                memcpy
 .text.__assert_func
                0x0000000008010998       0x3c C:/ST/STM32CubeIDE_1.12.1/STM32CubeIDE/plugins/com.st.stm32cube.ide.mcu.externaltools.gnu-tools-for-stm32.11.3.rel1.win32_1.1.0.202305231506/tools/bin/../lib/gcc/arm-none-eabi/11.3.1/../../../../arm-none-eabi/lib/thumb/v7e-m+fp/hard\libc_nano.a(libc_a-assert.o)
                0x0000000008010998                __assert_func
 .text._calloc_r
                0x00000000080109d4       0x2c C:/ST/STM32CubeIDE_1.12.1/STM32CubeIDE/plugins/com.st.stm32cube.ide.mcu.externaltools.gnu-tools-for-stm32.11.3.rel1.win32_1.1.0.202305231506/tools/bin/../lib/gcc/arm-none-eabi/11.3.1/../../../../arm-none-eabi/lib/thumb/v7e-m+fp/hard\libc_nano.a(libc_a-callocr.o)
                0x00000000080109d4                _calloc_r
 .text.__ascii_mbtowc
                0x0000000008010a00       0x24 C:/ST/STM32CubeIDE_1.12.1/STM32CubeIDE/plugins/com.st.stm32cube.ide.mcu.externaltools.gnu-tools-for-stm32.11.3.rel1.win32_1.1.0.202305231506/tools/bin/../lib/gcc/arm-none-eabi/11.3.1/../../../../arm-none-eabi/lib/thumb/v7e-m+fp/hard\libc_nano.a(libc_a-mbtowc_r.o)
                0x0000000008010a00                __ascii_mbtowc
 .text._realloc_r
                0x0000000008010a24       0x5e C:/ST/STM32CubeIDE_1.12.1/STM32CubeIDE/plugins/com.st.stm32cube.ide.mcu.externaltools.gnu-tools-for-stm32.11.3.rel1.win32_1.1.0.202305231506/tools/bin/../lib/gcc/arm-none-eabi/11.3.1/../../../../arm-none-eabi/lib/thumb/v7e-m+fp/hard\libc_nano.a(libc_a-reallocr.o)
                0x0000000008010a24                _realloc_r
 .text.__ascii_wctomb
                0x0000000008010a82       0x1a C:/ST/STM32CubeIDE_1.12.1/STM32CubeIDE/plugins/com.st.stm32cube.ide.mcu.externaltools.gnu-tools-for-stm32.11.3.rel1.win32_1.1.0.202305231506/tools/bin/../lib/gcc/arm-none-eabi/11.3.1/../../../../arm-none-eabi/lib/thumb/v7e-m+fp/hard\libc_nano.a(libc_a-wctomb_r.o)
                0x0000000008010a82                __ascii_wctomb
 .text.fprintf  0x0000000008010a9c       0x24 C:/ST/STM32CubeIDE_1.12.1/STM32CubeIDE/plugins/com.st.stm32cube.ide.mcu.externaltools.gnu-tools-for-stm32.11.3.rel1.win32_1.1.0.202305231506/tools/bin/../lib/gcc/arm-none-eabi/11.3.1/../../../../arm-none-eabi/lib/thumb/v7e-m+fp/hard\libc_nano.a(libc_a-fprintf.o)
                0x0000000008010a9c                fiprintf
                0x0000000008010a9c                fprintf
 .text.abort    0x0000000008010ac0        0xe C:/ST/STM32CubeIDE_1.12.1/STM32CubeIDE/plugins/com.st.stm32cube.ide.mcu.externaltools.gnu-tools-for-stm32.11.3.rel1.win32_1.1.0.202305231506/tools/bin/../lib/gcc/arm-none-eabi/11.3.1/../../../../arm-none-eabi/lib/thumb/v7e-m+fp/hard\libc_nano.a(libc_a-abort.o)
                0x0000000008010ac0                abort
 .text._malloc_usable_size_r
                0x0000000008010ace       0x10 C:/ST/STM32CubeIDE_1.12.1/STM32CubeIDE/plugins/com.st.stm32cube.ide.mcu.externaltools.gnu-tools-for-stm32.11.3.rel1.win32_1.1.0.202305231506/tools/bin/../lib/gcc/arm-none-eabi/11.3.1/../../../../arm-none-eabi/lib/thumb/v7e-m+fp/hard\libc_nano.a(libc_a-msizer.o)
                0x0000000008010ace                _malloc_usable_size_r
 .text.__sfputc_r
                0x0000000008010ade       0x2e C:/ST/STM32CubeIDE_1.12.1/STM32CubeIDE/plugins/com.st.stm32cube.ide.mcu.externaltools.gnu-tools-for-stm32.11.3.rel1.win32_1.1.0.202305231506/tools/bin/../lib/gcc/arm-none-eabi/11.3.1/../../../../arm-none-eabi/lib/thumb/v7e-m+fp/hard\libc_nano.a(libc_a-nano-vfprintf.o)
 .text.__sfputs_r
                0x0000000008010b0c       0x24 C:/ST/STM32CubeIDE_1.12.1/STM32CubeIDE/plugins/com.st.stm32cube.ide.mcu.externaltools.gnu-tools-for-stm32.11.3.rel1.win32_1.1.0.202305231506/tools/bin/../lib/gcc/arm-none-eabi/11.3.1/../../../../arm-none-eabi/lib/thumb/v7e-m+fp/hard\libc_nano.a(libc_a-nano-vfprintf.o)
                0x0000000008010b0c                __sfputs_r
 .text._vfprintf_r
                0x0000000008010b30      0x234 C:/ST/STM32CubeIDE_1.12.1/STM32CubeIDE/plugins/com.st.stm32cube.ide.mcu.externaltools.gnu-tools-for-stm32.11.3.rel1.win32_1.1.0.202305231506/tools/bin/../lib/gcc/arm-none-eabi/11.3.1/../../../../arm-none-eabi/lib/thumb/v7e-m+fp/hard\libc_nano.a(libc_a-nano-vfprintf.o)
                0x0000000008010b30                _vfprintf_r
                0x0000000008010b30                _vfiprintf_r
 .text._raise_r
                0x0000000008010d64       0x50 C:/ST/STM32CubeIDE_1.12.1/STM32CubeIDE/plugins/com.st.stm32cube.ide.mcu.externaltools.gnu-tools-for-stm32.11.3.rel1.win32_1.1.0.202305231506/tools/bin/../lib/gcc/arm-none-eabi/11.3.1/../../../../arm-none-eabi/lib/thumb/v7e-m+fp/hard\libc_nano.a(libc_a-signal.o)
                0x0000000008010d64                _raise_r
 .text.raise    0x0000000008010db4       0x10 C:/ST/STM32CubeIDE_1.12.1/STM32CubeIDE/plugins/com.st.stm32cube.ide.mcu.externaltools.gnu-tools-for-stm32.11.3.rel1.win32_1.1.0.202305231506/tools/bin/../lib/gcc/arm-none-eabi/11.3.1/../../../../arm-none-eabi/lib/thumb/v7e-m+fp/hard\libc_nano.a(libc_a-signal.o)
                0x0000000008010db4                raise
 .text._kill_r  0x0000000008010dc4       0x24 C:/ST/STM32CubeIDE_1.12.1/STM32CubeIDE/plugins/com.st.stm32cube.ide.mcu.externaltools.gnu-tools-for-stm32.11.3.rel1.win32_1.1.0.202305231506/tools/bin/../lib/gcc/arm-none-eabi/11.3.1/../../../../arm-none-eabi/lib/thumb/v7e-m+fp/hard\libc_nano.a(libc_a-signalr.o)
                0x0000000008010dc4                _kill_r
 .text._getpid_r
                0x0000000008010de8        0x4 C:/ST/STM32CubeIDE_1.12.1/STM32CubeIDE/plugins/com.st.stm32cube.ide.mcu.externaltools.gnu-tools-for-stm32.11.3.rel1.win32_1.1.0.202305231506/tools/bin/../lib/gcc/arm-none-eabi/11.3.1/../../../../arm-none-eabi/lib/thumb/v7e-m+fp/hard\libc_nano.a(libc_a-signalr.o)
                0x0000000008010de8                _getpid_r
 *(.glue_7)
 .glue_7        0x0000000008010dec        0x0 linker stubs
 *(.glue_7t)
 .glue_7t       0x0000000008010dec        0x0 linker stubs
 *(.eh_frame)
 .eh_frame      0x0000000008010dec        0x0 C:/ST/STM32CubeIDE_1.12.1/STM32CubeIDE/plugins/com.st.stm32cube.ide.mcu.externaltools.gnu-tools-for-stm32.11.3.rel1.win32_1.1.0.202305231506/tools/bin/../lib/gcc/arm-none-eabi/11.3.1/thumb/v7e-m+fp/hard/crtbegin.o
 *(.init)
 .init          0x0000000008010dec        0x4 C:/ST/STM32CubeIDE_1.12.1/STM32CubeIDE/plugins/com.st.stm32cube.ide.mcu.externaltools.gnu-tools-for-stm32.11.3.rel1.win32_1.1.0.202305231506/tools/bin/../lib/gcc/arm-none-eabi/11.3.1/thumb/v7e-m+fp/hard/crti.o
                0x0000000008010dec                _init
 .init          0x0000000008010df0        0x8 C:/ST/STM32CubeIDE_1.12.1/STM32CubeIDE/plugins/com.st.stm32cube.ide.mcu.externaltools.gnu-tools-for-stm32.11.3.rel1.win32_1.1.0.202305231506/tools/bin/../lib/gcc/arm-none-eabi/11.3.1/thumb/v7e-m+fp/hard/crtn.o
 *(.fini)
 .fini          0x0000000008010df8        0x4 C:/ST/STM32CubeIDE_1.12.1/STM32CubeIDE/plugins/com.st.stm32cube.ide.mcu.externaltools.gnu-tools-for-stm32.11.3.rel1.win32_1.1.0.202305231506/tools/bin/../lib/gcc/arm-none-eabi/11.3.1/thumb/v7e-m+fp/hard/crti.o
                0x0000000008010df8                _fini
 .fini          0x0000000008010dfc        0x8 C:/ST/STM32CubeIDE_1.12.1/STM32CubeIDE/plugins/com.st.stm32cube.ide.mcu.externaltools.gnu-tools-for-stm32.11.3.rel1.win32_1.1.0.202305231506/tools/bin/../lib/gcc/arm-none-eabi/11.3.1/thumb/v7e-m+fp/hard/crtn.o
                0x0000000008010e04                . = ALIGN (0x4)
                0x0000000008010e04                _etext = .

.vfp11_veneer   0x0000000008010e04        0x0
 .vfp11_veneer  0x0000000008010e04        0x0 linker stubs

.v4_bx          0x0000000008010e04        0x0
 .v4_bx         0x0000000008010e04        0x0 linker stubs

.iplt           0x0000000008010e04        0x0
 .iplt          0x0000000008010e04        0x0 C:/ST/STM32CubeIDE_1.12.1/STM32CubeIDE/plugins/com.st.stm32cube.ide.mcu.externaltools.gnu-tools-for-stm32.11.3.rel1.win32_1.1.0.202305231506/tools/bin/../lib/gcc/arm-none-eabi/11.3.1/thumb/v7e-m+fp/hard/crtbegin.o

.rodata         0x0000000008010e08     0x373c
                0x0000000008010e08                . = ALIGN (0x4)
 *(.rodata)
 .rodata        0x0000000008010e08      0x1f2 ./Core/Src/main.o
 *fill*         0x0000000008010ffa        0x2 
 .rodata        0x0000000008010ffc      0x161 ./Core/Src/mySD.o
 *fill*         0x000000000801115d        0x3 
 .rodata        0x0000000008011160       0x44 ./Middlewares/Third_Party/FatFs/src/ff.o
 *(.rodata*)
 .rodata.AHBPrescTable
                0x00000000080111a4       0x10 ./Core/Src/system_stm32f4xx.o
                0x00000000080111a4                AHBPrescTable
 .rodata.APBPrescTable
                0x00000000080111b4        0x8 ./Core/Src/system_stm32f4xx.o
                0x00000000080111b4                APBPrescTable
 .rodata.asc2_1206
                0x00000000080111bc      0x474 ./Drivers/BSP/LCD/lcd.o
                0x00000000080111bc                asc2_1206
 .rodata.asc2_1608
                0x0000000008011630      0x5f0 ./Drivers/BSP/LCD/lcd.o
                0x0000000008011630                asc2_1608
 .rodata.asc2_2412
                0x0000000008011c20      0xd5c ./Drivers/BSP/LCD/lcd.o
                0x0000000008011c20                asc2_2412
 .rodata.asc2_3216
                0x000000000801297c     0x17c0 ./Drivers/BSP/LCD/lcd.o
                0x000000000801297c                asc2_3216
 .rodata.SD_Driver
                0x000000000801413c       0x14 ./FATFS/Target/sd_diskio.o
                0x000000000801413c                SD_Driver
 .rodata.ExCvt  0x0000000008014150       0x80 ./Middlewares/Third_Party/FatFs/src/ff.o
 .rodata._printf_float.str1.1
                0x00000000080141d0       0x12 C:/ST/STM32CubeIDE_1.12.1/STM32CubeIDE/plugins/com.st.stm32cube.ide.mcu.externaltools.gnu-tools-for-stm32.11.3.rel1.win32_1.1.0.202305231506/tools/bin/../lib/gcc/arm-none-eabi/11.3.1/../../../../arm-none-eabi/lib/thumb/v7e-m+fp/hard\libc_nano.a(libc_a-nano-vfprintf_float.o)
 .rodata._printf_i.str1.1
                0x00000000080141e2       0x22 C:/ST/STM32CubeIDE_1.12.1/STM32CubeIDE/plugins/com.st.stm32cube.ide.mcu.externaltools.gnu-tools-for-stm32.11.3.rel1.win32_1.1.0.202305231506/tools/bin/../lib/gcc/arm-none-eabi/11.3.1/../../../../arm-none-eabi/lib/thumb/v7e-m+fp/hard\libc_nano.a(libc_a-nano-vfprintf_i.o)
 .rodata._dtoa_r.str1.1
                0x0000000008014204       0x8d C:/ST/STM32CubeIDE_1.12.1/STM32CubeIDE/plugins/com.st.stm32cube.ide.mcu.externaltools.gnu-tools-for-stm32.11.3.rel1.win32_1.1.0.202305231506/tools/bin/../lib/gcc/arm-none-eabi/11.3.1/../../../../arm-none-eabi/lib/thumb/v7e-m+fp/hard\libc_nano.a(libc_a-dtoa.o)
                                         0x8f (size before relaxing)
 .rodata._Balloc.str1.1
                0x0000000008014291       0x59 C:/ST/STM32CubeIDE_1.12.1/STM32CubeIDE/plugins/com.st.stm32cube.ide.mcu.externaltools.gnu-tools-for-stm32.11.3.rel1.win32_1.1.0.202305231506/tools/bin/../lib/gcc/arm-none-eabi/11.3.1/../../../../arm-none-eabi/lib/thumb/v7e-m+fp/hard\libc_nano.a(libc_a-mprec.o)
                                         0x70 (size before relaxing)
 .rodata.__multadd.str1.1
                0x00000000080142ea       0x11 C:/ST/STM32CubeIDE_1.12.1/STM32CubeIDE/plugins/com.st.stm32cube.ide.mcu.externaltools.gnu-tools-for-stm32.11.3.rel1.win32_1.1.0.202305231506/tools/bin/../lib/gcc/arm-none-eabi/11.3.1/../../../../arm-none-eabi/lib/thumb/v7e-m+fp/hard\libc_nano.a(libc_a-mprec.o)
 *fill*         0x00000000080142ea        0x6 
 .rodata.__mprec_bigtens
                0x00000000080142f0       0x28 C:/ST/STM32CubeIDE_1.12.1/STM32CubeIDE/plugins/com.st.stm32cube.ide.mcu.externaltools.gnu-tools-for-stm32.11.3.rel1.win32_1.1.0.202305231506/tools/bin/../lib/gcc/arm-none-eabi/11.3.1/../../../../arm-none-eabi/lib/thumb/v7e-m+fp/hard\libc_nano.a(libc_a-mprec.o)
                0x00000000080142f0                __mprec_bigtens
 .rodata.__mprec_tens